
============================================================
MiniRocket + Ridge on CDFES
============================================================
unit_coef:
[[6.02719598 5.27755333 5.96621021]
 [8.80932232 8.37932332 8.47997543]
 [1.69403763 1.27880164 1.54670162]
 [0.80054468 0.52798252 0.67370461]]

==================================================
Fold 1/10
==================================================
  X_train: (4799, 8, 375), X_test: (500, 8, 375)
  Channels: 8, Time points: 375
  MiniRocket transform: 13.1s, features: 79968
  Ridge fit (alpha=5000.0): 8.4s
  Fold 1 accuracy: 0.8000, F1: 0.6667, precision: 1.0000, recall: 0.5000
  Running avg (1/10): 0.8000
unit_coef:
[[5.96467316 5.33857796 5.99108339]
 [8.60332919 8.19017956 8.28858975]
 [1.66812986 1.29344171 1.53535304]
 [0.78450809 0.53257974 0.66776898]]

==================================================
Fold 2/10
==================================================
  X_train: (4799, 8, 375), X_test: (500, 8, 375)
  Channels: 8, Time points: 375
  MiniRocket transform: 12.9s, features: 79968
  Ridge fit (alpha=5000.0): 14.4s
  Fold 2 accuracy: 0.8000, F1: 0.8000, precision: 1.0000, recall: 0.6667
  Running avg (2/10): 0.8000
unit_coef:
[[5.80811314 5.16477119 5.85797302]
 [8.26504439 7.88276254 8.00519756]
 [1.61422649 1.24066204 1.47360119]
 [0.75475768 0.5128821  0.64227091]]

==================================================
Fold 3/10
==================================================
  X_train: (4799, 8, 375), X_test: (500, 8, 375)
  Channels: 8, Time points: 375
  MiniRocket transform: 12.4s, features: 79968
  Ridge fit (alpha=5000.0): 11.3s
  Fold 3 accuracy: 0.8000, F1: 0.8000, precision: 1.0000, recall: 0.6667
  Running avg (3/10): 0.8000
unit_coef:
[[5.80374294 5.12744461 5.69888595]
 [8.50347764 8.16337448 8.25470852]
 [1.62107315 1.25560572 1.47448868]
 [0.74358108 0.50375745 0.62415951]]

==================================================
Fold 4/10
==================================================
  X_train: (4800, 8, 375), X_test: (500, 8, 375)
  Channels: 8, Time points: 375
  MiniRocket transform: 12.1s, features: 79968
  Ridge fit (alpha=5000.0): 10.6s
  Fold 4 accuracy: 0.4000, F1: 0.0000, precision: 0.0000, recall: 0.0000
  Running avg (4/10): 0.7000
unit_coef:
[[6.02478493 5.37210591 6.0089252 ]
 [8.54776344 8.17395368 8.25310455]
 [1.66311657 1.29044804 1.51514703]
 [0.78629132 0.54124084 0.66924752]]

==================================================
Fold 5/10
==================================================
  X_train: (4799, 8, 375), X_test: (500, 8, 375)
  Channels: 8, Time points: 375
  MiniRocket transform: 12.1s, features: 79968
  Ridge fit (alpha=5000.0): 10.8s
  Fold 5 accuracy: 0.6000, F1: 0.5000, precision: 1.0000, recall: 0.3333
  Running avg (5/10): 0.6800
unit_coef:
[[5.84690495 5.21356412 5.85445704]
 [8.38621024 8.04495393 8.1195209 ]
 [1.58221511 1.24744742 1.49138887]
 [0.75288979 0.52504402 0.65541824]]

==================================================
Fold 6/10
==================================================
  X_train: (4799, 8, 375), X_test: (500, 8, 375)
  Channels: 8, Time points: 375
  MiniRocket transform: 12.0s, features: 79968
  Ridge fit (alpha=5000.0): 10.8s
  Fold 6 accuracy: 0.6000, F1: 0.5000, precision: 0.5000, recall: 0.5000
  Running avg (6/10): 0.6667
unit_coef:
[[5.71822766 5.05993199 5.63075152]
 [7.84610281 7.47208825 7.55844176]
 [1.57072576 1.20629491 1.41157214]
 [0.77296564 0.52468843 0.6347567 ]]

==================================================
Fold 7/10
==================================================
  X_train: (4799, 8, 375), X_test: (500, 8, 375)
  Channels: 8, Time points: 375
  MiniRocket transform: 13.7s, features: 79968
  Ridge fit (alpha=5000.0): 11.3s
  Fold 7 accuracy: 0.4000, F1: 0.0000, precision: 0.0000, recall: 0.0000
  Running avg (7/10): 0.6286
unit_coef:
[[5.97207427 5.26452654 5.77527972]
 [7.92358569 7.46905031 7.51665431]
 [1.6026924  1.2320915  1.44778742]
 [0.7516118  0.50810365 0.62389012]]

==================================================
Fold 8/10
==================================================
  X_train: (4799, 8, 375), X_test: (500, 8, 375)
  Channels: 8, Time points: 375
  MiniRocket transform: 12.7s, features: 79968
  Ridge fit (alpha=5000.0): 11.0s
  Fold 8 accuracy: 0.6000, F1: 0.5000, precision: 1.0000, recall: 0.3333
  Running avg (8/10): 0.6250
unit_coef:
[[5.81306325 5.12194171 5.77355268]
 [8.05429094 7.68092337 7.83448104]
 [1.59847162 1.23753693 1.47070167]
 [0.77307552 0.52695821 0.65597674]]

==================================================
Fold 9/10
==================================================
  X_train: (4799, 8, 375), X_test: (500, 8, 375)
  Channels: 8, Time points: 375
  MiniRocket transform: 13.6s, features: 79968
  Ridge fit (alpha=5000.0): 10.3s
  Fold 9 accuracy: 0.2000, F1: 0.3333, precision: 0.5000, recall: 0.2500
  Running avg (9/10): 0.5778
unit_coef:
[[5.79836131 5.25618286 5.87886741]
 [8.32898497 7.97379858 8.0899408 ]
 [1.43125315 1.21869098 1.4787066 ]
 [0.62007999 0.49770404 0.63975696]]

==================================================
Fold 10/10
==================================================
  X_train: (4499, 8, 375), X_test: (800, 8, 375)
  Channels: 8, Time points: 375
  MiniRocket transform: 11.2s, features: 79968
  Ridge fit (alpha=5000.0): 9.0s
  Fold 10 accuracy: 0.6250, F1: 0.5714, precision: 0.5000, recall: 0.6667
  Running avg (10/10): 0.5825

============================================================
FINAL RESULTS: CDFES
============================================================
  Accuracy:  58.25$\pm$5.98 %
  Precision: 65.00$\pm$12.35 %
  Recall:    39.17$\pm$7.64 %
  F1:        46.71$\pm$8.54 %

============================================================
MiniRocket + Ridge on CDAED
============================================================

==================================================
Fold 1/10
==================================================
  X_train: (4799, 8, 375), X_test: (500, 8, 375)
  Channels: 8, Time points: 375
  MiniRocket transform: 14.6s, features: 79968
  Ridge fit (alpha=5000.0): 13.4s
  Fold 1 accuracy: 0.6000, F1: 0.0000, precision: 0.0000, recall: 0.0000
  Running avg (1/10): 0.6000

==================================================
Fold 2/10
==================================================
  X_train: (4799, 8, 375), X_test: (500, 8, 375)
  Channels: 8, Time points: 375
  MiniRocket transform: 12.3s, features: 79968
  Ridge fit (alpha=5000.0): 12.6s
  Fold 2 accuracy: 0.6000, F1: 0.5000, precision: 1.0000, recall: 0.3333
  Running avg (2/10): 0.6000

==================================================
Fold 3/10
==================================================
  X_train: (4799, 8, 375), X_test: (500, 8, 375)
  Channels: 8, Time points: 375
  MiniRocket transform: 13.9s, features: 79968
  Ridge fit (alpha=5000.0): 10.9s
  Fold 3 accuracy: 0.6000, F1: 0.5000, precision: 1.0000, recall: 0.3333
  Running avg (3/10): 0.6000

==================================================
Fold 4/10
==================================================
  X_train: (4800, 8, 375), X_test: (500, 8, 375)
  Channels: 8, Time points: 375
  MiniRocket transform: 15.7s, features: 79968
  Ridge fit (alpha=5000.0): 15.1s
  Fold 4 accuracy: 0.2000, F1: 0.0000, precision: 0.0000, recall: 0.0000
  Running avg (4/10): 0.5000

==================================================
Fold 5/10
==================================================
  X_train: (4799, 8, 375), X_test: (500, 8, 375)
  Channels: 8, Time points: 375
  MiniRocket transform: 12.4s, features: 79968
  Ridge fit (alpha=5000.0): 12.9s
  Fold 5 accuracy: 0.6000, F1: 0.5000, precision: 1.0000, recall: 0.3333
  Running avg (5/10): 0.5200

==================================================
Fold 6/10
==================================================
  X_train: (4799, 8, 375), X_test: (500, 8, 375)
  Channels: 8, Time points: 375
  MiniRocket transform: 13.0s, features: 79968
  Ridge fit (alpha=5000.0): 12.3s
  Fold 6 accuracy: 0.2000, F1: 0.3333, precision: 0.2500, recall: 0.5000
  Running avg (6/10): 0.4667

==================================================
Fold 7/10
==================================================
  X_train: (4799, 8, 375), X_test: (500, 8, 375)
  Channels: 8, Time points: 375
  MiniRocket transform: 12.4s, features: 79968
  Ridge fit (alpha=5000.0): 12.1s
  Fold 7 accuracy: 0.0000, F1: 0.0000, precision: 0.0000, recall: 0.0000
  Running avg (7/10): 0.4000

==================================================
Fold 8/10
==================================================
  X_train: (4799, 8, 375), X_test: (500, 8, 375)
  Channels: 8, Time points: 375
  MiniRocket transform: 14.3s, features: 79968
  Ridge fit (alpha=5000.0): 13.4s
  Fold 8 accuracy: 0.8000, F1: 0.8000, precision: 1.0000, recall: 0.6667
  Running avg (8/10): 0.4500

==================================================
Fold 9/10
==================================================
  X_train: (4799, 8, 375), X_test: (500, 8, 375)
  Channels: 8, Time points: 375
  MiniRocket transform: 12.7s, features: 79968
  Ridge fit (alpha=5000.0): 11.3s
  Fold 9 accuracy: 0.2000, F1: 0.3333, precision: 0.5000, recall: 0.2500
  Running avg (9/10): 0.4222

==================================================
Fold 10/10
==================================================
  X_train: (4499, 8, 375), X_test: (800, 8, 375)
  Channels: 8, Time points: 375
  MiniRocket transform: 12.6s, features: 79968
  Ridge fit (alpha=5000.0): 9.5s
  Fold 10 accuracy: 0.5000, F1: 0.5000, precision: 0.4000, recall: 0.6667
  Running avg (10/10): 0.4300

============================================================
FINAL RESULTS: CDAED
============================================================
  Accuracy:  43.00$\pm$7.75 %
  Precision: 51.50$\pm$13.49 %
  Recall:    30.83$\pm$7.64 %
  F1:        34.67$\pm$8.13 %

============================================================
MiniRocket + Ridge on subband
============================================================
Sub-frequency Bands Filtering ... 
In RawEEG: shape=(4800, 12, 105)

==================================================
Fold 1/10
==================================================
  X_train: (4800, 12, 105), X_test: (500, 12, 105)
  Channels: 12, Time points: 105
  MiniRocket transform: 8.9s, features: 119952
  Ridge fit (alpha=5000.0): 21.3s
  Fold 1 accuracy: 0.6000, F1: 0.0000, precision: 0.0000, recall: 0.0000
  Running avg (1/10): 0.6000
In RawEEG: shape=(4800, 12, 105)

==================================================
Fold 2/10
==================================================
  X_train: (4800, 12, 105), X_test: (500, 12, 105)
  Channels: 12, Time points: 105
  MiniRocket transform: 7.6s, features: 119952
  Ridge fit (alpha=5000.0): 18.7s
  Fold 2 accuracy: 0.4000, F1: 0.0000, precision: 0.0000, recall: 0.0000
  Running avg (2/10): 0.5000
In RawEEG: shape=(4800, 12, 105)

==================================================
Fold 3/10
==================================================
  X_train: (4800, 12, 105), X_test: (500, 12, 105)
  Channels: 12, Time points: 105
  MiniRocket transform: 8.4s, features: 119952
  Ridge fit (alpha=5000.0): 17.8s
  Fold 3 accuracy: 0.6000, F1: 0.5000, precision: 1.0000, recall: 0.3333
  Running avg (3/10): 0.5333
In RawEEG: shape=(4800, 12, 105)

==================================================
Fold 4/10
==================================================
  X_train: (4800, 12, 105), X_test: (500, 12, 105)
  Channels: 12, Time points: 105
  MiniRocket transform: 7.6s, features: 119952
  Ridge fit (alpha=5000.0): 15.8s
  Fold 4 accuracy: 0.2000, F1: 0.0000, precision: 0.0000, recall: 0.0000
  Running avg (4/10): 0.4500
In RawEEG: shape=(4800, 12, 105)

==================================================
Fold 5/10
==================================================
  X_train: (4800, 12, 105), X_test: (500, 12, 105)
  Channels: 12, Time points: 105
  MiniRocket transform: 8.1s, features: 119952
  Ridge fit (alpha=5000.0): 19.7s
  Fold 5 accuracy: 0.6000, F1: 0.5000, precision: 1.0000, recall: 0.3333
  Running avg (5/10): 0.4800
In RawEEG: shape=(4800, 12, 105)

==================================================
Fold 6/10
==================================================
  X_train: (4800, 12, 105), X_test: (500, 12, 105)
  Channels: 12, Time points: 105
  MiniRocket transform: 7.4s, features: 119952
  Ridge fit (alpha=5000.0): 21.3s
  Fold 6 accuracy: 0.6000, F1: 0.5000, precision: 0.5000, recall: 0.5000
  Running avg (6/10): 0.5000
In RawEEG: shape=(4800, 12, 105)

==================================================
Fold 7/10
==================================================
  X_train: (4800, 12, 105), X_test: (500, 12, 105)
  Channels: 12, Time points: 105
  MiniRocket transform: 8.9s, features: 119952
  Ridge fit (alpha=5000.0): 19.6s
  Fold 7 accuracy: 0.2000, F1: 0.0000, precision: 0.0000, recall: 0.0000
  Running avg (7/10): 0.4571
In RawEEG: shape=(4800, 12, 105)

==================================================
Fold 8/10
==================================================
  X_train: (4800, 12, 105), X_test: (500, 12, 105)
  Channels: 12, Time points: 105
  MiniRocket transform: 7.7s, features: 119952
  Ridge fit (alpha=5000.0): 20.7s
  Fold 8 accuracy: 0.4000, F1: 0.0000, precision: 0.0000, recall: 0.0000
  Running avg (8/10): 0.4500
In RawEEG: shape=(4800, 12, 105)

==================================================
Fold 9/10
==================================================
  X_train: (4800, 12, 105), X_test: (500, 12, 105)
  Channels: 12, Time points: 105
  MiniRocket transform: 8.4s, features: 119952
  Ridge fit (alpha=5000.0): 21.8s
  Fold 9 accuracy: 0.2000, F1: 0.3333, precision: 0.5000, recall: 0.2500
  Running avg (9/10): 0.4222
In RawEEG: shape=(4500, 12, 105)

==================================================
Fold 10/10
==================================================
  X_train: (4500, 12, 105), X_test: (800, 12, 105)
  Channels: 12, Time points: 105
  MiniRocket transform: 8.3s, features: 119952
  Ridge fit (alpha=5000.0): 19.3s
  Fold 10 accuracy: 0.5000, F1: 0.5000, precision: 0.4000, recall: 0.6667
  Running avg (10/10): 0.4300

============================================================
FINAL RESULTS: subband
============================================================
  Accuracy:  43.00$\pm$5.30 %
  Precision: 34.00$\pm$12.26 %
  Recall:    20.83$\pm$7.38 %
  F1:        23.33$\pm$7.53 %

============================================================
MiniRocket + Ridge on EEG
============================================================
In RawEEG: shape=(4800, 3, 210)

==================================================
Fold 1/10
==================================================
  X_train: (4800, 3, 210), X_test: (500, 3, 210)
  Channels: 3, Time points: 210
  MiniRocket transform: 3.2s, features: 29988
  Ridge fit (alpha=5000.0): 4.7s
  Fold 1 accuracy: 0.6000, F1: 0.0000, precision: 0.0000, recall: 0.0000
  Running avg (1/10): 0.6000
In RawEEG: shape=(4800, 3, 210)

==================================================
Fold 2/10
==================================================
  X_train: (4800, 3, 210), X_test: (500, 3, 210)
  Channels: 3, Time points: 210
  MiniRocket transform: 2.9s, features: 29988
  Ridge fit (alpha=5000.0): 5.3s
  Fold 2 accuracy: 0.4000, F1: 0.0000, precision: 0.0000, recall: 0.0000
  Running avg (2/10): 0.5000
In RawEEG: shape=(4800, 3, 210)

==================================================
Fold 3/10
==================================================
  X_train: (4800, 3, 210), X_test: (500, 3, 210)
  Channels: 3, Time points: 210
  MiniRocket transform: 3.2s, features: 29988
  Ridge fit (alpha=5000.0): 4.7s
  Fold 3 accuracy: 0.6000, F1: 0.5000, precision: 1.0000, recall: 0.3333
  Running avg (3/10): 0.5333
In RawEEG: shape=(4800, 3, 210)

==================================================
Fold 4/10
==================================================
  X_train: (4800, 3, 210), X_test: (500, 3, 210)
  Channels: 3, Time points: 210
  MiniRocket transform: 3.1s, features: 29988
  Ridge fit (alpha=5000.0): 3.8s
  Fold 4 accuracy: 0.2000, F1: 0.0000, precision: 0.0000, recall: 0.0000
  Running avg (4/10): 0.4500
In RawEEG: shape=(4800, 3, 210)

==================================================
Fold 5/10
==================================================
  X_train: (4800, 3, 210), X_test: (500, 3, 210)
  Channels: 3, Time points: 210
  MiniRocket transform: 2.8s, features: 29988
  Ridge fit (alpha=5000.0): 4.3s
  Fold 5 accuracy: 0.6000, F1: 0.5000, precision: 1.0000, recall: 0.3333
  Running avg (5/10): 0.4800
In RawEEG: shape=(4800, 3, 210)

==================================================
Fold 6/10
==================================================
  X_train: (4800, 3, 210), X_test: (500, 3, 210)
  Channels: 3, Time points: 210
  MiniRocket transform: 3.0s, features: 29988
  Ridge fit (alpha=5000.0): 5.9s
  Fold 6 accuracy: 0.4000, F1: 0.4000, precision: 0.3333, recall: 0.5000
  Running avg (6/10): 0.4667
In RawEEG: shape=(4800, 3, 210)

==================================================
Fold 7/10
==================================================
  X_train: (4800, 3, 210), X_test: (500, 3, 210)
  Channels: 3, Time points: 210
  MiniRocket transform: 3.4s, features: 29988
  Ridge fit (alpha=5000.0): 5.6s
  Fold 7 accuracy: 0.2000, F1: 0.0000, precision: 0.0000, recall: 0.0000
  Running avg (7/10): 0.4286
In RawEEG: shape=(4800, 3, 210)

==================================================
Fold 8/10
==================================================
  X_train: (4800, 3, 210), X_test: (500, 3, 210)
  Channels: 3, Time points: 210
  MiniRocket transform: 3.6s, features: 29988
  Ridge fit (alpha=5000.0): 5.7s
  Fold 8 accuracy: 0.6000, F1: 0.5000, precision: 1.0000, recall: 0.3333
  Running avg (8/10): 0.4500
In RawEEG: shape=(4800, 3, 210)

==================================================
Fold 9/10
==================================================
  X_train: (4800, 3, 210), X_test: (500, 3, 210)
  Channels: 3, Time points: 210
  MiniRocket transform: 2.9s, features: 29988
  Ridge fit (alpha=5000.0): 4.5s
  Fold 9 accuracy: 0.2000, F1: 0.3333, precision: 0.5000, recall: 0.2500
  Running avg (9/10): 0.4222
In RawEEG: shape=(4500, 3, 210)

==================================================
Fold 10/10
==================================================
  X_train: (4500, 3, 210), X_test: (800, 3, 210)
  Channels: 3, Time points: 210
  MiniRocket transform: 3.2s, features: 29988
  Ridge fit (alpha=5000.0): 5.1s
  Fold 10 accuracy: 0.8750, F1: 0.8571, precision: 0.7500, recall: 1.0000
  Running avg (10/10): 0.4675

============================================================
FINAL RESULTS: EEG
============================================================
  Accuracy:  46.75$\pm$6.78 %
  Precision: 45.83$\pm$13.50 %
  Recall:    27.50$\pm$9.43 %
  F1:        30.90$\pm$8.95 %
