============================================================
CD-FES Moments + ML Classifiers on MODMA
============================================================

---------- SVM ----------
unit_coef:
[[6.02719598 5.27755333 5.96621021]
 [8.80932232 8.37932332 8.47997543]
 [1.69403763 1.27880164 1.54670162]
 [0.80054468 0.52798252 0.67370461]]
###################### Fold 1 ######################
Accuracy: 0.8
unit_coef:
[[5.96467316 5.33857796 5.99108339]
 [8.60332919 8.19017956 8.28858975]
 [1.66812986 1.29344171 1.53535304]
 [0.78450809 0.53257974 0.66776898]]
###################### Fold 2 ######################
Accuracy: 0.8
unit_coef:
[[5.80811314 5.16477119 5.85797302]
 [8.26504439 7.88276254 8.00519756]
 [1.61422649 1.24066204 1.47360119]
 [0.75475768 0.5128821  0.64227091]]
###################### Fold 3 ######################
Accuracy: 0.8
unit_coef:
[[5.80374294 5.12744461 5.69888595]
 [8.50347764 8.16337448 8.25470852]
 [1.62107315 1.25560572 1.47448868]
 [0.74358108 0.50375745 0.62415951]]
###################### Fold 4 ######################
Accuracy: 0.2
unit_coef:
[[6.02478493 5.37210591 6.0089252 ]
 [8.54776344 8.17395368 8.25310455]
 [1.66311657 1.29044804 1.51514703]
 [0.78629132 0.54124084 0.66924752]]
###################### Fold 5 ######################
Accuracy: 0.6
unit_coef:
[[5.84690495 5.21356412 5.85445704]
 [8.38621024 8.04495393 8.1195209 ]
 [1.58221511 1.24744742 1.49138887]
 [0.75288979 0.52504402 0.65541824]]
###################### Fold 6 ######################
Accuracy: 0.6
unit_coef:
[[5.71822766 5.05993199 5.63075152]
 [7.84610281 7.47208825 7.55844176]
 [1.57072576 1.20629491 1.41157214]
 [0.77296564 0.52468843 0.6347567 ]]
###################### Fold 7 ######################
Accuracy: 0.2
unit_coef:
[[5.97207427 5.26452654 5.77527972]
 [7.92358569 7.46905031 7.51665431]
 [1.6026924  1.2320915  1.44778742]
 [0.7516118  0.50810365 0.62389012]]
###################### Fold 8 ######################
Accuracy: 0.6
unit_coef:
[[5.81306325 5.12194171 5.77355268]
 [8.05429094 7.68092337 7.83448104]
 [1.59847162 1.23753693 1.47070167]
 [0.77307552 0.52695821 0.65597674]]
###################### Fold 9 ######################
Accuracy: 0.4
unit_coef:
[[5.79836131 5.25618286 5.87886741]
 [8.32898497 7.97379858 8.0899408 ]
 [1.43125315 1.21869098 1.4787066 ]
 [0.62007999 0.49770404 0.63975696]]
###################### Fold 10 ######################
Accuracy: 0.5
Accuracy Array:
[0.8 0.8 0.8 0.2 0.6 0.6 0.2 0.6 0.4 0.5]
Average Accuracy: 0.55
Results:
[{'accuracy': 0.8, 'precision': 1.0, 'recall': 0.5, 'f1': 0.6666666666666666}, {'accuracy': 0.8, 'precision': 1.0, 'recall': 0.6666666666666666, 'f1': 0.8}, {'accuracy': 0.8, 'precision': 1.0, 'recall': 0.6666666666666666, 'f1': 0.8}, {'accuracy': 0.2, 'precision': 0.0, 'recall': 0.0, 'f1': 0.0}, {'accuracy': 0.6, 'precision': 1.0, 'recall': 0.3333333333333333, 'f1': 0.5}, {'accuracy': 0.6, 'precision': 0.5, 'recall': 0.5, 'f1': 0.5}, {'accuracy': 0.2, 'precision': 0.0, 'recall': 0.0, 'f1': 0.0}, {'accuracy': 0.6, 'precision': 1.0, 'recall': 0.3333333333333333, 'f1': 0.5}, {'accuracy': 0.4, 'precision': 0.6666666666666666, 'recall': 0.5, 'f1': 0.5714285714285714}, {'accuracy': 0.5, 'precision': 0.4, 'recall': 0.6666666666666666, 'f1': 0.5}]

---------- KNN ----------
unit_coef:
[[6.02719598 5.27755333 5.96621021]
 [8.80932232 8.37932332 8.47997543]
 [1.69403763 1.27880164 1.54670162]
 [0.80054468 0.52798252 0.67370461]]
###################### Fold 1 ######################
Accuracy: 0.8
unit_coef:
[[5.96467316 5.33857796 5.99108339]
 [8.60332919 8.19017956 8.28858975]
 [1.66812986 1.29344171 1.53535304]
 [0.78450809 0.53257974 0.66776898]]
###################### Fold 2 ######################
Accuracy: 0.6
unit_coef:
[[5.80811314 5.16477119 5.85797302]
 [8.26504439 7.88276254 8.00519756]
 [1.61422649 1.24066204 1.47360119]
 [0.75475768 0.5128821  0.64227091]]
###################### Fold 3 ######################
Accuracy: 0.6
unit_coef:
[[5.80374294 5.12744461 5.69888595]
 [8.50347764 8.16337448 8.25470852]
 [1.62107315 1.25560572 1.47448868]
 [0.74358108 0.50375745 0.62415951]]
###################### Fold 4 ######################
Accuracy: 0.4
unit_coef:
[[6.02478493 5.37210591 6.0089252 ]
 [8.54776344 8.17395368 8.25310455]
 [1.66311657 1.29044804 1.51514703]
 [0.78629132 0.54124084 0.66924752]]
###################### Fold 5 ######################
Accuracy: 0.4
unit_coef:
[[5.84690495 5.21356412 5.85445704]
 [8.38621024 8.04495393 8.1195209 ]
 [1.58221511 1.24744742 1.49138887]
 [0.75288979 0.52504402 0.65541824]]
###################### Fold 6 ######################
Accuracy: 0.6
unit_coef:
[[5.71822766 5.05993199 5.63075152]
 [7.84610281 7.47208825 7.55844176]
 [1.57072576 1.20629491 1.41157214]
 [0.77296564 0.52468843 0.6347567 ]]
###################### Fold 7 ######################
Accuracy: 0.2
unit_coef:
[[5.97207427 5.26452654 5.77527972]
 [7.92358569 7.46905031 7.51665431]
 [1.6026924  1.2320915  1.44778742]
 [0.7516118  0.50810365 0.62389012]]
###################### Fold 8 ######################
Accuracy: 0.6
unit_coef:
[[5.81306325 5.12194171 5.77355268]
 [8.05429094 7.68092337 7.83448104]
 [1.59847162 1.23753693 1.47070167]
 [0.77307552 0.52695821 0.65597674]]
###################### Fold 9 ######################
Accuracy: 0.4
unit_coef:
[[5.79836131 5.25618286 5.87886741]
 [8.32898497 7.97379858 8.0899408 ]
 [1.43125315 1.21869098 1.4787066 ]
 [0.62007999 0.49770404 0.63975696]]
###################### Fold 10 ######################
Accuracy: 0.625
Accuracy Array:
[0.8   0.6   0.6   0.4   0.4   0.6   0.2   0.6   0.4   0.625]
Average Accuracy: 0.5225000000000001
Results:
[{'accuracy': 0.8, 'precision': 1.0, 'recall': 0.5, 'f1': 0.6666666666666666}, {'accuracy': 0.6, 'precision': 1.0, 'recall': 0.3333333333333333, 'f1': 0.5}, {'accuracy': 0.6, 'precision': 1.0, 'recall': 0.3333333333333333, 'f1': 0.5}, {'accuracy': 0.4, 'precision': 0.0, 'recall': 0.0, 'f1': 0.0}, {'accuracy': 0.4, 'precision': 0.0, 'recall': 0.0, 'f1': 0.0}, {'accuracy': 0.6, 'precision': 0.5, 'recall': 0.5, 'f1': 0.5}, {'accuracy': 0.2, 'precision': 0.0, 'recall': 0.0, 'f1': 0.0}, {'accuracy': 0.6, 'precision': 1.0, 'recall': 0.3333333333333333, 'f1': 0.5}, {'accuracy': 0.4, 'precision': 1.0, 'recall': 0.25, 'f1': 0.4}, {'accuracy': 0.625, 'precision': 0.5, 'recall': 0.6666666666666666, 'f1': 0.5714285714285714}]

---------- DT ----------
unit_coef:
[[6.02719598 5.27755333 5.96621021]
 [8.80932232 8.37932332 8.47997543]
 [1.69403763 1.27880164 1.54670162]
 [0.80054468 0.52798252 0.67370461]]
###################### Fold 1 ######################
Accuracy: 0.8
unit_coef:
[[5.96467316 5.33857796 5.99108339]
 [8.60332919 8.19017956 8.28858975]
 [1.66812986 1.29344171 1.53535304]
 [0.78450809 0.53257974 0.66776898]]
###################### Fold 2 ######################
Accuracy: 0.8
unit_coef:
[[5.80811314 5.16477119 5.85797302]
 [8.26504439 7.88276254 8.00519756]
 [1.61422649 1.24066204 1.47360119]
 [0.75475768 0.5128821  0.64227091]]
###################### Fold 3 ######################
Accuracy: 0.8
unit_coef:
[[5.80374294 5.12744461 5.69888595]
 [8.50347764 8.16337448 8.25470852]
 [1.62107315 1.25560572 1.47448868]
 [0.74358108 0.50375745 0.62415951]]
###################### Fold 4 ######################
Accuracy: 0.6
unit_coef:
[[6.02478493 5.37210591 6.0089252 ]
 [8.54776344 8.17395368 8.25310455]
 [1.66311657 1.29044804 1.51514703]
 [0.78629132 0.54124084 0.66924752]]
###################### Fold 5 ######################
Accuracy: 0.6
unit_coef:
[[5.84690495 5.21356412 5.85445704]
 [8.38621024 8.04495393 8.1195209 ]
 [1.58221511 1.24744742 1.49138887]
 [0.75288979 0.52504402 0.65541824]]
###################### Fold 6 ######################
Accuracy: 0.6
unit_coef:
[[5.71822766 5.05993199 5.63075152]
 [7.84610281 7.47208825 7.55844176]
 [1.57072576 1.20629491 1.41157214]
 [0.77296564 0.52468843 0.6347567 ]]
###################### Fold 7 ######################
Accuracy: 0.2
unit_coef:
[[5.97207427 5.26452654 5.77527972]
 [7.92358569 7.46905031 7.51665431]
 [1.6026924  1.2320915  1.44778742]
 [0.7516118  0.50810365 0.62389012]]
###################### Fold 8 ######################
Accuracy: 0.4
unit_coef:
[[5.81306325 5.12194171 5.77355268]
 [8.05429094 7.68092337 7.83448104]
 [1.59847162 1.23753693 1.47070167]
 [0.77307552 0.52695821 0.65597674]]
###################### Fold 9 ######################
Accuracy: 0.6
unit_coef:
[[5.79836131 5.25618286 5.87886741]
 [8.32898497 7.97379858 8.0899408 ]
 [1.43125315 1.21869098 1.4787066 ]
 [0.62007999 0.49770404 0.63975696]]
###################### Fold 10 ######################
Accuracy: 0.5
Accuracy Array:
[0.8 0.8 0.8 0.6 0.6 0.6 0.2 0.4 0.6 0.5]
Average Accuracy: 0.59
Results:
[{'accuracy': 0.8, 'precision': 1.0, 'recall': 0.5, 'f1': 0.6666666666666666}, {'accuracy': 0.8, 'precision': 1.0, 'recall': 0.6666666666666666, 'f1': 0.8}, {'accuracy': 0.8, 'precision': 1.0, 'recall': 0.6666666666666666, 'f1': 0.8}, {'accuracy': 0.6, 'precision': 0.3333333333333333, 'recall': 1.0, 'f1': 0.5}, {'accuracy': 0.6, 'precision': 1.0, 'recall': 0.3333333333333333, 'f1': 0.5}, {'accuracy': 0.6, 'precision': 0.5, 'recall': 1.0, 'f1': 0.6666666666666666}, {'accuracy': 0.2, 'precision': 0.0, 'recall': 0.0, 'f1': 0.0}, {'accuracy': 0.4, 'precision': 0.5, 'recall': 0.3333333333333333, 'f1': 0.4}, {'accuracy': 0.6, 'precision': 1.0, 'recall': 0.5, 'f1': 0.6666666666666666}, {'accuracy': 0.5, 'precision': 0.4, 'recall': 0.6666666666666666, 'f1': 0.5}]

---------- RF ----------
unit_coef:
[[6.02719598 5.27755333 5.96621021]
 [8.80932232 8.37932332 8.47997543]
 [1.69403763 1.27880164 1.54670162]
 [0.80054468 0.52798252 0.67370461]]
###################### Fold 1 ######################
Accuracy: 0.8
unit_coef:
[[5.96467316 5.33857796 5.99108339]
 [8.60332919 8.19017956 8.28858975]
 [1.66812986 1.29344171 1.53535304]
 [0.78450809 0.53257974 0.66776898]]
###################### Fold 2 ######################
Accuracy: 0.6
unit_coef:
[[5.80811314 5.16477119 5.85797302]
 [8.26504439 7.88276254 8.00519756]
 [1.61422649 1.24066204 1.47360119]
 [0.75475768 0.5128821  0.64227091]]
###################### Fold 3 ######################
Accuracy: 0.6
unit_coef:
[[5.80374294 5.12744461 5.69888595]
 [8.50347764 8.16337448 8.25470852]
 [1.62107315 1.25560572 1.47448868]
 [0.74358108 0.50375745 0.62415951]]
###################### Fold 4 ######################
Accuracy: 0.4
unit_coef:
[[6.02478493 5.37210591 6.0089252 ]
 [8.54776344 8.17395368 8.25310455]
 [1.66311657 1.29044804 1.51514703]
 [0.78629132 0.54124084 0.66924752]]
###################### Fold 5 ######################
Accuracy: 0.6
unit_coef:
[[5.84690495 5.21356412 5.85445704]
 [8.38621024 8.04495393 8.1195209 ]
 [1.58221511 1.24744742 1.49138887]
 [0.75288979 0.52504402 0.65541824]]
###################### Fold 6 ######################
Accuracy: 0.6
unit_coef:
[[5.71822766 5.05993199 5.63075152]
 [7.84610281 7.47208825 7.55844176]
 [1.57072576 1.20629491 1.41157214]
 [0.77296564 0.52468843 0.6347567 ]]
###################### Fold 7 ######################
Accuracy: 0.2
unit_coef:
[[5.97207427 5.26452654 5.77527972]
 [7.92358569 7.46905031 7.51665431]
 [1.6026924  1.2320915  1.44778742]
 [0.7516118  0.50810365 0.62389012]]
###################### Fold 8 ######################
Accuracy: 0.4
unit_coef:
[[5.81306325 5.12194171 5.77355268]
 [8.05429094 7.68092337 7.83448104]
 [1.59847162 1.23753693 1.47070167]
 [0.77307552 0.52695821 0.65597674]]
###################### Fold 9 ######################
Accuracy: 0.4
unit_coef:
[[5.79836131 5.25618286 5.87886741]
 [8.32898497 7.97379858 8.0899408 ]
 [1.43125315 1.21869098 1.4787066 ]
 [0.62007999 0.49770404 0.63975696]]
###################### Fold 10 ######################
Accuracy: 0.75
Accuracy Array:
[0.8  0.6  0.6  0.4  0.6  0.6  0.2  0.4  0.4  0.75]
Average Accuracy: 0.535
Results:
[{'accuracy': 0.8, 'precision': 1.0, 'recall': 0.5, 'f1': 0.6666666666666666}, {'accuracy': 0.6, 'precision': 1.0, 'recall': 0.3333333333333333, 'f1': 0.5}, {'accuracy': 0.6, 'precision': 1.0, 'recall': 0.3333333333333333, 'f1': 0.5}, {'accuracy': 0.4, 'precision': 0.25, 'recall': 1.0, 'f1': 0.4}, {'accuracy': 0.6, 'precision': 1.0, 'recall': 0.3333333333333333, 'f1': 0.5}, {'accuracy': 0.6, 'precision': 0.5, 'recall': 0.5, 'f1': 0.5}, {'accuracy': 0.2, 'precision': 0.0, 'recall': 0.0, 'f1': 0.0}, {'accuracy': 0.4, 'precision': 0.0, 'recall': 0.0, 'f1': 0.0}, {'accuracy': 0.4, 'precision': 1.0, 'recall': 0.25, 'f1': 0.4}, {'accuracy': 0.75, 'precision': 0.6666666666666666, 'recall': 0.6666666666666666, 'f1': 0.6666666666666666}]

---------- XGBoost ----------
unit_coef:
[[6.02719598 5.27755333 5.96621021]
 [8.80932232 8.37932332 8.47997543]
 [1.69403763 1.27880164 1.54670162]
 [0.80054468 0.52798252 0.67370461]]
###################### Fold 1 ######################
Accuracy: 0.8
unit_coef:
[[5.96467316 5.33857796 5.99108339]
 [8.60332919 8.19017956 8.28858975]
 [1.66812986 1.29344171 1.53535304]
 [0.78450809 0.53257974 0.66776898]]
###################### Fold 2 ######################
Accuracy: 0.8
unit_coef:
[[5.80811314 5.16477119 5.85797302]
 [8.26504439 7.88276254 8.00519756]
 [1.61422649 1.24066204 1.47360119]
 [0.75475768 0.5128821  0.64227091]]
###################### Fold 3 ######################
Accuracy: 0.8
unit_coef:
[[5.80374294 5.12744461 5.69888595]
 [8.50347764 8.16337448 8.25470852]
 [1.62107315 1.25560572 1.47448868]
 [0.74358108 0.50375745 0.62415951]]
###################### Fold 4 ######################
Accuracy: 0.2
unit_coef:
[[6.02478493 5.37210591 6.0089252 ]
 [8.54776344 8.17395368 8.25310455]
 [1.66311657 1.29044804 1.51514703]
 [0.78629132 0.54124084 0.66924752]]
###################### Fold 5 ######################
Accuracy: 0.6
unit_coef:
[[5.84690495 5.21356412 5.85445704]
 [8.38621024 8.04495393 8.1195209 ]
 [1.58221511 1.24744742 1.49138887]
 [0.75288979 0.52504402 0.65541824]]
###################### Fold 6 ######################
Accuracy: 0.4
unit_coef:
[[5.71822766 5.05993199 5.63075152]
 [7.84610281 7.47208825 7.55844176]
 [1.57072576 1.20629491 1.41157214]
 [0.77296564 0.52468843 0.6347567 ]]
###################### Fold 7 ######################
Accuracy: 0.2
unit_coef:
[[5.97207427 5.26452654 5.77527972]
 [7.92358569 7.46905031 7.51665431]
 [1.6026924  1.2320915  1.44778742]
 [0.7516118  0.50810365 0.62389012]]
###################### Fold 8 ######################
Accuracy: 0.6
unit_coef:
[[5.81306325 5.12194171 5.77355268]
 [8.05429094 7.68092337 7.83448104]
 [1.59847162 1.23753693 1.47070167]
 [0.77307552 0.52695821 0.65597674]]
###################### Fold 9 ######################
Accuracy: 0.4
unit_coef:
[[5.79836131 5.25618286 5.87886741]
 [8.32898497 7.97379858 8.0899408 ]
 [1.43125315 1.21869098 1.4787066 ]
 [0.62007999 0.49770404 0.63975696]]
###################### Fold 10 ######################
Accuracy: 0.625
Accuracy Array:
[0.8   0.8   0.8   0.2   0.6   0.4   0.2   0.6   0.4   0.625]
Average Accuracy: 0.5425000000000001
Results:
[{'accuracy': 0.8, 'precision': 1.0, 'recall': 0.5, 'f1': 0.6666666666666666}, {'accuracy': 0.8, 'precision': 1.0, 'recall': 0.6666666666666666, 'f1': 0.8}, {'accuracy': 0.8, 'precision': 1.0, 'recall': 0.6666666666666666, 'f1': 0.8}, {'accuracy': 0.2, 'precision': 0.0, 'recall': 0.0, 'f1': 0.0}, {'accuracy': 0.6, 'precision': 1.0, 'recall': 0.3333333333333333, 'f1': 0.5}, {'accuracy': 0.4, 'precision': 0.3333333333333333, 'recall': 0.5, 'f1': 0.4}, {'accuracy': 0.2, 'precision': 0.0, 'recall': 0.0, 'f1': 0.0}, {'accuracy': 0.6, 'precision': 1.0, 'recall': 0.3333333333333333, 'f1': 0.5}, {'accuracy': 0.4, 'precision': 1.0, 'recall': 0.25, 'f1': 0.4}, {'accuracy': 0.625, 'precision': 0.5, 'recall': 0.6666666666666666, 'f1': 0.5714285714285714}]


============================================================
CD-AED Moments + ML Classifiers on MODMA
============================================================

---------- SVM ----------
###################### Fold 1 ######################
Accuracy: 0.6
###################### Fold 2 ######################
Accuracy: 0.6
###################### Fold 3 ######################
Accuracy: 0.6
###################### Fold 4 ######################
Accuracy: 0.4
###################### Fold 5 ######################
Accuracy: 0.6
###################### Fold 6 ######################
Accuracy: 0.4
###################### Fold 7 ######################
Accuracy: 0.2
###################### Fold 8 ######################
Accuracy: 0.8
###################### Fold 9 ######################
Accuracy: 0.2
###################### Fold 10 ######################
Accuracy: 0.375
Accuracy Array:
[0.6   0.6   0.6   0.4   0.6   0.4   0.2   0.8   0.2   0.375]
Average Accuracy: 0.47750000000000004
Results:
[{'accuracy': 0.6, 'precision': 0.0, 'recall': 0.0, 'f1': 0.0}, {'accuracy': 0.6, 'precision': 1.0, 'recall': 0.3333333333333333, 'f1': 0.5}, {'accuracy': 0.6, 'precision': 1.0, 'recall': 0.3333333333333333, 'f1': 0.5}, {'accuracy': 0.4, 'precision': 0.0, 'recall': 0.0, 'f1': 0.0}, {'accuracy': 0.6, 'precision': 1.0, 'recall': 0.3333333333333333, 'f1': 0.5}, {'accuracy': 0.4, 'precision': 0.3333333333333333, 'recall': 0.5, 'f1': 0.4}, {'accuracy': 0.2, 'precision': 0.0, 'recall': 0.0, 'f1': 0.0}, {'accuracy': 0.8, 'precision': 1.0, 'recall': 0.6666666666666666, 'f1': 0.8}, {'accuracy': 0.2, 'precision': 0.5, 'recall': 0.25, 'f1': 0.3333333333333333}, {'accuracy': 0.375, 'precision': 0.3333333333333333, 'recall': 0.6666666666666666, 'f1': 0.4444444444444444}]

---------- KNN ----------
###################### Fold 1 ######################
Accuracy: 0.6
###################### Fold 2 ######################
Accuracy: 0.6
###################### Fold 3 ######################
Accuracy: 0.4
###################### Fold 4 ######################
Accuracy: 0.8
###################### Fold 5 ######################
Accuracy: 0.4
###################### Fold 6 ######################
Accuracy: 0.8
###################### Fold 7 ######################
Accuracy: 0.4
###################### Fold 8 ######################
Accuracy: 0.4
###################### Fold 9 ######################
Accuracy: 0.4
###################### Fold 10 ######################
Accuracy: 0.625
Accuracy Array:
[0.6   0.6   0.4   0.8   0.4   0.8   0.4   0.4   0.4   0.625]
Average Accuracy: 0.5425000000000001
Results:
[{'accuracy': 0.6, 'precision': 0.0, 'recall': 0.0, 'f1': 0.0}, {'accuracy': 0.6, 'precision': 1.0, 'recall': 0.3333333333333333, 'f1': 0.5}, {'accuracy': 0.4, 'precision': 0.0, 'recall': 0.0, 'f1': 0.0}, {'accuracy': 0.8, 'precision': 0.5, 'recall': 1.0, 'f1': 0.6666666666666666}, {'accuracy': 0.4, 'precision': 0.0, 'recall': 0.0, 'f1': 0.0}, {'accuracy': 0.8, 'precision': 1.0, 'recall': 0.5, 'f1': 0.6666666666666666}, {'accuracy': 0.4, 'precision': 0.0, 'recall': 0.0, 'f1': 0.0}, {'accuracy': 0.4, 'precision': 0.0, 'recall': 0.0, 'f1': 0.0}, {'accuracy': 0.4, 'precision': 1.0, 'recall': 0.25, 'f1': 0.4}, {'accuracy': 0.625, 'precision': 0.5, 'recall': 0.6666666666666666, 'f1': 0.5714285714285714}]

---------- DT ----------
###################### Fold 1 ######################
Accuracy: 0.6
###################### Fold 2 ######################
Accuracy: 0.6
###################### Fold 3 ######################
Accuracy: 0.4
###################### Fold 4 ######################
Accuracy: 0.6
###################### Fold 5 ######################
Accuracy: 0.4
###################### Fold 6 ######################
Accuracy: 0.4
###################### Fold 7 ######################
Accuracy: 0.0
###################### Fold 8 ######################
Accuracy: 0.4
###################### Fold 9 ######################
Accuracy: 0.4
###################### Fold 10 ######################
Accuracy: 0.625
Accuracy Array:
[0.6   0.6   0.4   0.6   0.4   0.4   0.    0.4   0.4   0.625]
Average Accuracy: 0.44250000000000006
Results:
[{'accuracy': 0.6, 'precision': 0.0, 'recall': 0.0, 'f1': 0.0}, {'accuracy': 0.6, 'precision': 1.0, 'recall': 0.3333333333333333, 'f1': 0.5}, {'accuracy': 0.4, 'precision': 0.0, 'recall': 0.0, 'f1': 0.0}, {'accuracy': 0.6, 'precision': 0.3333333333333333, 'recall': 1.0, 'f1': 0.5}, {'accuracy': 0.4, 'precision': 0.0, 'recall': 0.0, 'f1': 0.0}, {'accuracy': 0.4, 'precision': 0.3333333333333333, 'recall': 0.5, 'f1': 0.4}, {'accuracy': 0.0, 'precision': 0.0, 'recall': 0.0, 'f1': 0.0}, {'accuracy': 0.4, 'precision': 0.0, 'recall': 0.0, 'f1': 0.0}, {'accuracy': 0.4, 'precision': 1.0, 'recall': 0.25, 'f1': 0.4}, {'accuracy': 0.625, 'precision': 0.5, 'recall': 0.6666666666666666, 'f1': 0.5714285714285714}]

---------- RF ----------
###################### Fold 1 ######################
Accuracy: 0.6
###################### Fold 2 ######################
Accuracy: 0.6
###################### Fold 3 ######################
Accuracy: 0.6
###################### Fold 4 ######################
Accuracy: 0.8
###################### Fold 5 ######################
Accuracy: 0.6
###################### Fold 6 ######################
Accuracy: 0.2
###################### Fold 7 ######################
Accuracy: 0.0
###################### Fold 8 ######################
Accuracy: 0.4
###################### Fold 9 ######################
Accuracy: 0.4
###################### Fold 10 ######################
Accuracy: 0.5
Accuracy Array:
[0.6 0.6 0.6 0.8 0.6 0.2 0.  0.4 0.4 0.5]
Average Accuracy: 0.47000000000000003
Results:
[{'accuracy': 0.6, 'precision': 0.0, 'recall': 0.0, 'f1': 0.0}, {'accuracy': 0.6, 'precision': 1.0, 'recall': 0.3333333333333333, 'f1': 0.5}, {'accuracy': 0.6, 'precision': 1.0, 'recall': 0.3333333333333333, 'f1': 0.5}, {'accuracy': 0.8, 'precision': 0.5, 'recall': 1.0, 'f1': 0.6666666666666666}, {'accuracy': 0.6, 'precision': 1.0, 'recall': 0.3333333333333333, 'f1': 0.5}, {'accuracy': 0.2, 'precision': 0.25, 'recall': 0.5, 'f1': 0.3333333333333333}, {'accuracy': 0.0, 'precision': 0.0, 'recall': 0.0, 'f1': 0.0}, {'accuracy': 0.4, 'precision': 0.0, 'recall': 0.0, 'f1': 0.0}, {'accuracy': 0.4, 'precision': 1.0, 'recall': 0.25, 'f1': 0.4}, {'accuracy': 0.5, 'precision': 0.4, 'recall': 0.6666666666666666, 'f1': 0.5}]

---------- XGBoost ----------
###################### Fold 1 ######################
Accuracy: 0.6
###################### Fold 2 ######################
Accuracy: 0.6
###################### Fold 3 ######################
Accuracy: 0.6
###################### Fold 4 ######################
Accuracy: 0.6
###################### Fold 5 ######################
Accuracy: 0.6
###################### Fold 6 ######################
Accuracy: 0.4
###################### Fold 7 ######################
Accuracy: 0.0
###################### Fold 8 ######################
Accuracy: 0.4
###################### Fold 9 ######################
Accuracy: 0.2
###################### Fold 10 ######################
Accuracy: 0.5
Accuracy Array:
[0.6 0.6 0.6 0.6 0.6 0.4 0.  0.4 0.2 0.5]
Average Accuracy: 0.45
Results:
[{'accuracy': 0.6, 'precision': 0.0, 'recall': 0.0, 'f1': 0.0}, {'accuracy': 0.6, 'precision': 1.0, 'recall': 0.3333333333333333, 'f1': 0.5}, {'accuracy': 0.6, 'precision': 1.0, 'recall': 0.3333333333333333, 'f1': 0.5}, {'accuracy': 0.6, 'precision': 0.3333333333333333, 'recall': 1.0, 'f1': 0.5}, {'accuracy': 0.6, 'precision': 1.0, 'recall': 0.3333333333333333, 'f1': 0.5}, {'accuracy': 0.4, 'precision': 0.3333333333333333, 'recall': 0.5, 'f1': 0.4}, {'accuracy': 0.0, 'precision': 0.0, 'recall': 0.0, 'f1': 0.0}, {'accuracy': 0.4, 'precision': 0.0, 'recall': 0.0, 'f1': 0.0}, {'accuracy': 0.2, 'precision': 0.0, 'recall': 0.0, 'f1': 0.0}, {'accuracy': 0.5, 'precision': 0.4, 'recall': 0.6666666666666666, 'f1': 0.5}]
