============================================================
Phase 0: Pre-computing all 10 folds' CD-FES moments ...
============================================================
unit_coef:
[[6.02719598 5.27755333 5.96621021]
 [8.80932232 8.37932332 8.47997543]
 [1.69403763 1.27880164 1.54670162]
 [0.80054468 0.52798252 0.67370461]]
  Fold 1: train 4799 clips, validate 500 clips
unit_coef:
[[5.96467316 5.33857796 5.99108339]
 [8.60332919 8.19017956 8.28858975]
 [1.66812986 1.29344171 1.53535304]
 [0.78450809 0.53257974 0.66776898]]
  Fold 2: train 4799 clips, validate 500 clips
unit_coef:
[[5.80811314 5.16477119 5.85797302]
 [8.26504439 7.88276254 8.00519756]
 [1.61422649 1.24066204 1.47360119]
 [0.75475768 0.5128821  0.64227091]]
  Fold 3: train 4799 clips, validate 500 clips
unit_coef:
[[5.80374294 5.12744461 5.69888595]
 [8.50347764 8.16337448 8.25470852]
 [1.62107315 1.25560572 1.47448868]
 [0.74358108 0.50375745 0.62415951]]
  Fold 4: train 4800 clips, validate 500 clips
unit_coef:
[[6.02478493 5.37210591 6.0089252 ]
 [8.54776344 8.17395368 8.25310455]
 [1.66311657 1.29044804 1.51514703]
 [0.78629132 0.54124084 0.66924752]]
  Fold 5: train 4799 clips, validate 500 clips
unit_coef:
[[5.84690495 5.21356412 5.85445704]
 [8.38621024 8.04495393 8.1195209 ]
 [1.58221511 1.24744742 1.49138887]
 [0.75288979 0.52504402 0.65541824]]
  Fold 6: train 4799 clips, validate 500 clips
unit_coef:
[[5.71822766 5.05993199 5.63075152]
 [7.84610281 7.47208825 7.55844176]
 [1.57072576 1.20629491 1.41157214]
 [0.77296564 0.52468843 0.6347567 ]]
  Fold 7: train 4799 clips, validate 500 clips
unit_coef:
[[5.97207427 5.26452654 5.77527972]
 [7.92358569 7.46905031 7.51665431]
 [1.6026924  1.2320915  1.44778742]
 [0.7516118  0.50810365 0.62389012]]
  Fold 8: train 4799 clips, validate 500 clips
unit_coef:
[[5.81306325 5.12194171 5.77355268]
 [8.05429094 7.68092337 7.83448104]
 [1.59847162 1.23753693 1.47070167]
 [0.77307552 0.52695821 0.65597674]]
  Fold 9: train 4799 clips, validate 500 clips
unit_coef:
[[5.79836131 5.25618286 5.87886741]
 [8.32898497 7.97379858 8.0899408 ]
 [1.43125315 1.21869098 1.4787066 ]
 [0.62007999 0.49770404 0.63975696]]
  Fold 10: train 4499 clips, validate 800 clips
Pre-compute done in 5.9s

============================================================
Tuning SVM ...
============================================================
  [1/16] {'kernel': 'rbf', 'C': 0.1, 'gamma': 'scale', 'class_weight': 'balanced', 'random_state': 42} → Acc=53.00±7.90%, F1=46.00±8.94% [4.1s]
  [2/16] {'kernel': 'rbf', 'C': 0.1, 'gamma': 0.1, 'class_weight': 'balanced', 'random_state': 42} → Acc=55.00±7.19%, F1=48.38±8.88% [4.2s]
  [3/16] {'kernel': 'rbf', 'C': 1, 'gamma': 'scale', 'class_weight': 'balanced', 'random_state': 42} → Acc=50.25±7.49%, F1=38.71±9.27% [3.3s]
  [4/16] {'kernel': 'rbf', 'C': 1, 'gamma': 0.1, 'class_weight': 'balanced', 'random_state': 42} → Acc=48.25±8.05%, F1=42.05±7.89% [3.5s]
  [5/16] {'kernel': 'rbf', 'C': 10, 'gamma': 'scale', 'class_weight': 'balanced', 'random_state': 42} → Acc=48.25±7.47%, F1=40.38±7.15% [4.5s]
  [6/16] {'kernel': 'rbf', 'C': 10, 'gamma': 0.1, 'class_weight': 'balanced', 'random_state': 42} → Acc=51.00±6.74%, F1=44.67±5.47% [5.0s]
  [7/16] {'kernel': 'rbf', 'C': 100, 'gamma': 'scale', 'class_weight': 'balanced', 'random_state': 42} → Acc=51.00±6.74%, F1=44.67±5.47% [10.7s]
  [8/16] {'kernel': 'rbf', 'C': 100, 'gamma': 0.1, 'class_weight': 'balanced', 'random_state': 42} → Acc=51.00±6.74%, F1=44.67±5.47% [7.8s]
  [9/16] {'kernel': 'sigmoid', 'C': 0.1, 'gamma': 'scale', 'class_weight': 'balanced', 'random_state': 42} → Acc=57.00±6.33%, F1=48.38±9.22% [5.3s]
  [10/16] {'kernel': 'sigmoid', 'C': 0.1, 'gamma': 0.1, 'class_weight': 'balanced', 'random_state': 42} → Acc=57.00±5.59%, F1=47.05±8.80% [5.0s]
  [11/16] {'kernel': 'sigmoid', 'C': 1, 'gamma': 'scale', 'class_weight': 'balanced', 'random_state': 42} → Acc=51.00±5.26%, F1=42.71±8.22% [4.1s]
  [12/16] {'kernel': 'sigmoid', 'C': 1, 'gamma': 0.1, 'class_weight': 'balanced', 'random_state': 42} → Acc=55.00±6.54%, F1=47.38±9.26% [4.3s]
  [13/16] {'kernel': 'sigmoid', 'C': 10, 'gamma': 'scale', 'class_weight': 'balanced', 'random_state': 42} → Acc=53.00±5.97%, F1=45.71±9.02% [3.8s]
  [14/16] {'kernel': 'sigmoid', 'C': 10, 'gamma': 0.1, 'class_weight': 'balanced', 'random_state': 42} → Acc=53.00±5.97%, F1=44.38±8.54% [4.2s]
  [15/16] {'kernel': 'sigmoid', 'C': 100, 'gamma': 'scale', 'class_weight': 'balanced', 'random_state': 42} → Acc=51.00±5.26%, F1=42.71±8.22% [3.9s]
  [16/16] {'kernel': 'sigmoid', 'C': 100, 'gamma': 0.1, 'class_weight': 'balanced', 'random_state': 42} → Acc=51.00±5.26%, F1=42.71±8.22% [4.2s]

  ★ Best SVM: {'kernel': 'rbf', 'C': 0.1, 'gamma': 0.1, 'class_weight': 'balanced', 'random_state': 42} → F1=48.38%

============================================================
Tuning KNN ...
============================================================
  [1/28] {'n_neighbors': 3, 'weights': 'uniform', 'p': 1} → Acc=52.25±5.38%, F1=36.38±8.22% [0.2s]
  [2/28] {'n_neighbors': 3, 'weights': 'uniform', 'p': 2} → Acc=48.25±6.17%, F1=27.38±9.26% [0.0s]
  [3/28] {'n_neighbors': 3, 'weights': 'distance', 'p': 1} → Acc=52.25±5.38%, F1=36.38±8.22% [0.1s]
  [4/28] {'n_neighbors': 3, 'weights': 'distance', 'p': 2} → Acc=48.25±6.17%, F1=27.38±9.26% [0.0s]
  [5/28] {'n_neighbors': 5, 'weights': 'uniform', 'p': 1} → Acc=51.50±6.58%, F1=33.33±9.30% [0.1s]
  [6/28] {'n_neighbors': 5, 'weights': 'uniform', 'p': 2} → Acc=50.25±6.20%, F1=32.38±8.96% [0.0s]
  [7/28] {'n_neighbors': 5, 'weights': 'distance', 'p': 1} → Acc=51.50±6.58%, F1=33.33±9.30% [0.1s]
  [8/28] {'n_neighbors': 5, 'weights': 'distance', 'p': 2} → Acc=50.25±6.20%, F1=32.38±8.96% [0.1s]
  [9/28] {'n_neighbors': 7, 'weights': 'uniform', 'p': 1} → Acc=49.50±5.89%, F1=26.67±9.03% [0.1s]
  [10/28] {'n_neighbors': 7, 'weights': 'uniform', 'p': 2} → Acc=49.50±6.60%, F1=28.33±9.64% [0.1s]
  [11/28] {'n_neighbors': 7, 'weights': 'distance', 'p': 1} → Acc=49.50±5.89%, F1=26.67±9.03% [0.1s]
  [12/28] {'n_neighbors': 7, 'weights': 'distance', 'p': 2} → Acc=49.50±6.60%, F1=28.33±9.64% [0.1s]
  [13/28] {'n_neighbors': 9, 'weights': 'uniform', 'p': 1} → Acc=51.50±6.58%, F1=33.33±9.30% [0.1s]
  [14/28] {'n_neighbors': 9, 'weights': 'uniform', 'p': 2} → Acc=47.50±7.79%, F1=28.33±9.64% [0.1s]
  [15/28] {'n_neighbors': 9, 'weights': 'distance', 'p': 1} → Acc=51.50±6.58%, F1=33.33±9.30% [0.1s]
  [16/28] {'n_neighbors': 9, 'weights': 'distance', 'p': 2} → Acc=47.50±7.79%, F1=28.33±9.64% [0.1s]
  [17/28] {'n_neighbors': 11, 'weights': 'uniform', 'p': 1} → Acc=51.50±6.58%, F1=33.33±9.30% [0.1s]
  [18/28] {'n_neighbors': 11, 'weights': 'uniform', 'p': 2} → Acc=49.50±6.60%, F1=28.33±9.64% [0.1s]
  [19/28] {'n_neighbors': 11, 'weights': 'distance', 'p': 1} → Acc=51.50±6.58%, F1=33.33±9.30% [0.1s]
  [20/28] {'n_neighbors': 11, 'weights': 'distance', 'p': 2} → Acc=49.50±6.60%, F1=28.33±9.64% [0.1s]
  [21/28] {'n_neighbors': 15, 'weights': 'uniform', 'p': 1} → Acc=51.50±6.58%, F1=33.33±9.30% [0.1s]
  [22/28] {'n_neighbors': 15, 'weights': 'uniform', 'p': 2} → Acc=49.50±6.60%, F1=28.33±9.64% [0.1s]
  [23/28] {'n_neighbors': 15, 'weights': 'distance', 'p': 1} → Acc=51.50±6.58%, F1=33.33±9.30% [0.1s]
  [24/28] {'n_neighbors': 15, 'weights': 'distance', 'p': 2} → Acc=49.50±6.60%, F1=28.33±9.64% [0.1s]
  [25/28] {'n_neighbors': 21, 'weights': 'uniform', 'p': 1} → Acc=51.50±6.58%, F1=33.33±9.30% [0.1s]
  [26/28] {'n_neighbors': 21, 'weights': 'uniform', 'p': 2} → Acc=49.50±6.60%, F1=28.33±9.64% [0.1s]
  [27/28] {'n_neighbors': 21, 'weights': 'distance', 'p': 1} → Acc=51.50±6.58%, F1=33.33±9.30% [0.1s]
  [28/28] {'n_neighbors': 21, 'weights': 'distance', 'p': 2} → Acc=49.50±6.60%, F1=28.33±9.64% [0.1s]

  ★ Best KNN: {'n_neighbors': 3, 'weights': 'uniform', 'p': 1} → F1=36.38%

============================================================
Tuning Decision Tree ...
============================================================
  [1/90] {'criterion': 'gini', 'max_depth': None, 'min_samples_split': 2, 'min_samples_leaf': 1, 'random_state': 42} → Acc=51.00±6.05%, F1=39.71±9.71% [0.9s]
  [2/90] {'criterion': 'gini', 'max_depth': None, 'min_samples_split': 2, 'min_samples_leaf': 2, 'random_state': 42} → Acc=49.75±6.20%, F1=35.86±9.46% [0.8s]
  [3/90] {'criterion': 'gini', 'max_depth': None, 'min_samples_split': 2, 'min_samples_leaf': 4, 'random_state': 42} → Acc=47.00±5.97%, F1=31.00±9.12% [0.8s]
  [4/90] {'criterion': 'gini', 'max_depth': None, 'min_samples_split': 5, 'min_samples_leaf': 1, 'random_state': 42} → Acc=53.00±5.97%, F1=39.00±9.91% [0.8s]
  [5/90] {'criterion': 'gini', 'max_depth': None, 'min_samples_split': 5, 'min_samples_leaf': 2, 'random_state': 42} → Acc=49.00±6.74%, F1=32.33±10.09% [0.8s]
  [6/90] {'criterion': 'gini', 'max_depth': None, 'min_samples_split': 5, 'min_samples_leaf': 4, 'random_state': 42} → Acc=47.00±5.97%, F1=31.00±9.12% [0.8s]
  [7/90] {'criterion': 'gini', 'max_depth': None, 'min_samples_split': 10, 'min_samples_leaf': 1, 'random_state': 42} → Acc=51.00±6.74%, F1=36.67±10.75% [0.8s]
  [8/90] {'criterion': 'gini', 'max_depth': None, 'min_samples_split': 10, 'min_samples_leaf': 2, 'random_state': 42} → Acc=47.00±5.97%, F1=28.67±10.13% [0.8s]
  [9/90] {'criterion': 'gini', 'max_depth': None, 'min_samples_split': 10, 'min_samples_leaf': 4, 'random_state': 42} → Acc=53.00±7.31%, F1=43.33±10.28% [0.8s]
  [10/90] {'criterion': 'gini', 'max_depth': 3, 'min_samples_split': 2, 'min_samples_leaf': 1, 'random_state': 42} → Acc=49.00±6.05%, F1=25.00±8.70% [0.2s]
  [11/90] {'criterion': 'gini', 'max_depth': 3, 'min_samples_split': 2, 'min_samples_leaf': 2, 'random_state': 42} → Acc=49.00±6.05%, F1=25.00±8.70% [0.2s]
  [12/90] {'criterion': 'gini', 'max_depth': 3, 'min_samples_split': 2, 'min_samples_leaf': 4, 'random_state': 42} → Acc=49.00±6.05%, F1=25.00±8.70% [0.2s]
  [13/90] {'criterion': 'gini', 'max_depth': 3, 'min_samples_split': 5, 'min_samples_leaf': 1, 'random_state': 42} → Acc=49.00±6.05%, F1=25.00±8.70% [0.2s]
  [14/90] {'criterion': 'gini', 'max_depth': 3, 'min_samples_split': 5, 'min_samples_leaf': 2, 'random_state': 42} → Acc=49.00±6.05%, F1=25.00±8.70% [0.2s]
  [15/90] {'criterion': 'gini', 'max_depth': 3, 'min_samples_split': 5, 'min_samples_leaf': 4, 'random_state': 42} → Acc=49.00±6.05%, F1=25.00±8.70% [0.2s]
  [16/90] {'criterion': 'gini', 'max_depth': 3, 'min_samples_split': 10, 'min_samples_leaf': 1, 'random_state': 42} → Acc=49.00±6.05%, F1=25.00±8.70% [0.2s]
  [17/90] {'criterion': 'gini', 'max_depth': 3, 'min_samples_split': 10, 'min_samples_leaf': 2, 'random_state': 42} → Acc=49.00±6.05%, F1=25.00±8.70% [0.2s]
  [18/90] {'criterion': 'gini', 'max_depth': 3, 'min_samples_split': 10, 'min_samples_leaf': 4, 'random_state': 42} → Acc=49.00±6.05%, F1=25.00±8.70% [0.2s]
  [19/90] {'criterion': 'gini', 'max_depth': 5, 'min_samples_split': 2, 'min_samples_leaf': 1, 'random_state': 42} → Acc=53.75±5.29%, F1=25.43±9.60% [0.4s]
  [20/90] {'criterion': 'gini', 'max_depth': 5, 'min_samples_split': 2, 'min_samples_leaf': 2, 'random_state': 42} → Acc=53.75±5.29%, F1=25.43±9.60% [0.4s]
  [21/90] {'criterion': 'gini', 'max_depth': 5, 'min_samples_split': 2, 'min_samples_leaf': 4, 'random_state': 42} → Acc=53.75±5.29%, F1=21.43±9.76% [0.4s]
  [22/90] {'criterion': 'gini', 'max_depth': 5, 'min_samples_split': 5, 'min_samples_leaf': 1, 'random_state': 42} → Acc=53.75±5.29%, F1=25.43±9.60% [0.4s]
  [23/90] {'criterion': 'gini', 'max_depth': 5, 'min_samples_split': 5, 'min_samples_leaf': 2, 'random_state': 42} → Acc=53.75±5.29%, F1=25.43±9.60% [0.4s]
  [24/90] {'criterion': 'gini', 'max_depth': 5, 'min_samples_split': 5, 'min_samples_leaf': 4, 'random_state': 42} → Acc=53.75±5.29%, F1=21.43±9.76% [0.4s]
  [25/90] {'criterion': 'gini', 'max_depth': 5, 'min_samples_split': 10, 'min_samples_leaf': 1, 'random_state': 42} → Acc=53.75±5.29%, F1=25.43±9.60% [0.4s]
  [26/90] {'criterion': 'gini', 'max_depth': 5, 'min_samples_split': 10, 'min_samples_leaf': 2, 'random_state': 42} → Acc=53.75±5.29%, F1=25.43±9.60% [0.4s]
  [27/90] {'criterion': 'gini', 'max_depth': 5, 'min_samples_split': 10, 'min_samples_leaf': 4, 'random_state': 42} → Acc=53.75±5.29%, F1=21.43±9.76% [0.4s]
  [28/90] {'criterion': 'gini', 'max_depth': 7, 'min_samples_split': 2, 'min_samples_leaf': 1, 'random_state': 42} → Acc=53.00±9.89%, F1=41.67±12.46% [0.5s]
  [29/90] {'criterion': 'gini', 'max_depth': 7, 'min_samples_split': 2, 'min_samples_leaf': 2, 'random_state': 42} → Acc=53.00±9.89%, F1=41.67±12.46% [0.5s]
  [30/90] {'criterion': 'gini', 'max_depth': 7, 'min_samples_split': 2, 'min_samples_leaf': 4, 'random_state': 42} → Acc=49.75±9.10%, F1=39.11±11.51% [0.5s]
  [31/90] {'criterion': 'gini', 'max_depth': 7, 'min_samples_split': 5, 'min_samples_leaf': 1, 'random_state': 42} → Acc=51.00±9.48%, F1=40.33±12.07% [0.5s]
  [32/90] {'criterion': 'gini', 'max_depth': 7, 'min_samples_split': 5, 'min_samples_leaf': 2, 'random_state': 42} → Acc=53.00±9.89%, F1=41.67±12.46% [0.5s]
  [33/90] {'criterion': 'gini', 'max_depth': 7, 'min_samples_split': 5, 'min_samples_leaf': 4, 'random_state': 42} → Acc=49.75±9.10%, F1=39.11±11.51% [0.5s]
  [34/90] {'criterion': 'gini', 'max_depth': 7, 'min_samples_split': 10, 'min_samples_leaf': 1, 'random_state': 42} → Acc=49.75±9.58%, F1=39.78±12.04% [0.5s]
  [35/90] {'criterion': 'gini', 'max_depth': 7, 'min_samples_split': 10, 'min_samples_leaf': 2, 'random_state': 42} → Acc=53.00±9.89%, F1=41.67±12.46% [0.5s]
  [36/90] {'criterion': 'gini', 'max_depth': 7, 'min_samples_split': 10, 'min_samples_leaf': 4, 'random_state': 42} → Acc=49.75±9.58%, F1=39.78±12.04% [0.5s]
  [37/90] {'criterion': 'gini', 'max_depth': 10, 'min_samples_split': 2, 'min_samples_leaf': 1, 'random_state': 42} → Acc=46.25±6.76%, F1=27.71±9.77% [0.7s]
  [38/90] {'criterion': 'gini', 'max_depth': 10, 'min_samples_split': 2, 'min_samples_leaf': 2, 'random_state': 42} → Acc=45.00±6.54%, F1=27.00±9.55% [0.6s]
  [39/90] {'criterion': 'gini', 'max_depth': 10, 'min_samples_split': 2, 'min_samples_leaf': 4, 'random_state': 42} → Acc=47.00±7.31%, F1=30.00±10.75% [0.6s]
  [40/90] {'criterion': 'gini', 'max_depth': 10, 'min_samples_split': 5, 'min_samples_leaf': 1, 'random_state': 42} → Acc=47.00±7.31%, F1=30.00±10.75% [0.6s]
  [41/90] {'criterion': 'gini', 'max_depth': 10, 'min_samples_split': 5, 'min_samples_leaf': 2, 'random_state': 42} → Acc=49.00±7.37%, F1=31.00±10.90% [0.6s]
  [42/90] {'criterion': 'gini', 'max_depth': 10, 'min_samples_split': 5, 'min_samples_leaf': 4, 'random_state': 42} → Acc=47.00±7.31%, F1=30.00±10.75% [0.6s]
  [43/90] {'criterion': 'gini', 'max_depth': 10, 'min_samples_split': 10, 'min_samples_leaf': 1, 'random_state': 42} → Acc=43.00±6.33%, F1=22.00±9.52% [0.6s]
  [44/90] {'criterion': 'gini', 'max_depth': 10, 'min_samples_split': 10, 'min_samples_leaf': 2, 'random_state': 42} → Acc=46.25±6.76%, F1=27.71±9.77% [0.7s]
  [45/90] {'criterion': 'gini', 'max_depth': 10, 'min_samples_split': 10, 'min_samples_leaf': 4, 'random_state': 42} → Acc=47.00±5.97%, F1=31.00±9.12% [0.7s]
  [46/90] {'criterion': 'entropy', 'max_depth': None, 'min_samples_split': 2, 'min_samples_leaf': 1, 'random_state': 42} → Acc=59.00±6.05%, F1=55.00±7.44% [1.0s]
  [47/90] {'criterion': 'entropy', 'max_depth': None, 'min_samples_split': 2, 'min_samples_leaf': 2, 'random_state': 42} → Acc=52.25±7.46%, F1=43.05±10.34% [1.0s]
  [48/90] {'criterion': 'entropy', 'max_depth': None, 'min_samples_split': 2, 'min_samples_leaf': 4, 'random_state': 42} → Acc=48.25±6.17%, F1=29.38±10.32% [1.0s]
  [49/90] {'criterion': 'entropy', 'max_depth': None, 'min_samples_split': 5, 'min_samples_leaf': 1, 'random_state': 42} → Acc=49.00±5.26%, F1=43.38±8.16% [1.0s]
  [50/90] {'criterion': 'entropy', 'max_depth': None, 'min_samples_split': 5, 'min_samples_leaf': 2, 'random_state': 42} → Acc=50.25±6.20%, F1=41.38±8.09% [1.0s]
  [51/90] {'criterion': 'entropy', 'max_depth': None, 'min_samples_split': 5, 'min_samples_leaf': 4, 'random_state': 42} → Acc=48.25±6.17%, F1=29.38±10.32% [0.9s]
  [52/90] {'criterion': 'entropy', 'max_depth': None, 'min_samples_split': 10, 'min_samples_leaf': 1, 'random_state': 42} → Acc=51.00±6.05%, F1=41.00±8.06% [1.0s]
  [53/90] {'criterion': 'entropy', 'max_depth': None, 'min_samples_split': 10, 'min_samples_leaf': 2, 'random_state': 42} → Acc=56.25±5.02%, F1=46.38±8.94% [1.0s]
  [54/90] {'criterion': 'entropy', 'max_depth': None, 'min_samples_split': 10, 'min_samples_leaf': 4, 'random_state': 42} → Acc=54.25±5.24%, F1=37.05±10.45% [0.9s]
  [55/90] {'criterion': 'entropy', 'max_depth': 3, 'min_samples_split': 2, 'min_samples_leaf': 1, 'random_state': 42} → Acc=47.00±5.17%, F1=18.33±7.64% [0.3s]
  [56/90] {'criterion': 'entropy', 'max_depth': 3, 'min_samples_split': 2, 'min_samples_leaf': 2, 'random_state': 42} → Acc=47.00±5.17%, F1=18.33±7.64% [0.3s]
  [57/90] {'criterion': 'entropy', 'max_depth': 3, 'min_samples_split': 2, 'min_samples_leaf': 4, 'random_state': 42} → Acc=47.00±5.17%, F1=18.33±7.64% [0.3s]
  [58/90] {'criterion': 'entropy', 'max_depth': 3, 'min_samples_split': 5, 'min_samples_leaf': 1, 'random_state': 42} → Acc=47.00±5.17%, F1=18.33±7.64% [0.3s]
  [59/90] {'criterion': 'entropy', 'max_depth': 3, 'min_samples_split': 5, 'min_samples_leaf': 2, 'random_state': 42} → Acc=47.00±5.17%, F1=18.33±7.64% [0.3s]
  [60/90] {'criterion': 'entropy', 'max_depth': 3, 'min_samples_split': 5, 'min_samples_leaf': 4, 'random_state': 42} → Acc=47.00±5.17%, F1=18.33±7.64% [0.3s]
  [61/90] {'criterion': 'entropy', 'max_depth': 3, 'min_samples_split': 10, 'min_samples_leaf': 1, 'random_state': 42} → Acc=47.00±5.17%, F1=18.33±7.64% [0.3s]
  [62/90] {'criterion': 'entropy', 'max_depth': 3, 'min_samples_split': 10, 'min_samples_leaf': 2, 'random_state': 42} → Acc=47.00±5.17%, F1=18.33±7.64% [0.3s]
  [63/90] {'criterion': 'entropy', 'max_depth': 3, 'min_samples_split': 10, 'min_samples_leaf': 4, 'random_state': 42} → Acc=47.00±5.17%, F1=18.33±7.64% [0.3s]
  [64/90] {'criterion': 'entropy', 'max_depth': 5, 'min_samples_split': 2, 'min_samples_leaf': 1, 'random_state': 42} → Acc=53.00±4.23%, F1=22.33±7.62% [0.5s]
  [65/90] {'criterion': 'entropy', 'max_depth': 5, 'min_samples_split': 2, 'min_samples_leaf': 2, 'random_state': 42} → Acc=53.00±4.23%, F1=22.33±7.62% [0.5s]
  [66/90] {'criterion': 'entropy', 'max_depth': 5, 'min_samples_split': 2, 'min_samples_leaf': 4, 'random_state': 42} → Acc=51.00±3.14%, F1=22.33±7.62% [0.5s]
  [67/90] {'criterion': 'entropy', 'max_depth': 5, 'min_samples_split': 5, 'min_samples_leaf': 1, 'random_state': 42} → Acc=53.00±4.23%, F1=22.33±7.62% [0.5s]
  [68/90] {'criterion': 'entropy', 'max_depth': 5, 'min_samples_split': 5, 'min_samples_leaf': 2, 'random_state': 42} → Acc=53.00±4.23%, F1=22.33±7.62% [0.4s]
  [69/90] {'criterion': 'entropy', 'max_depth': 5, 'min_samples_split': 5, 'min_samples_leaf': 4, 'random_state': 42} → Acc=51.00±3.14%, F1=22.33±7.62% [0.5s]
  [70/90] {'criterion': 'entropy', 'max_depth': 5, 'min_samples_split': 10, 'min_samples_leaf': 1, 'random_state': 42} → Acc=51.00±4.33%, F1=17.33±7.23% [0.5s]
  [71/90] {'criterion': 'entropy', 'max_depth': 5, 'min_samples_split': 10, 'min_samples_leaf': 2, 'random_state': 42} → Acc=51.00±4.33%, F1=17.33±7.23% [0.5s]
  [72/90] {'criterion': 'entropy', 'max_depth': 5, 'min_samples_split': 10, 'min_samples_leaf': 4, 'random_state': 42} → Acc=49.00±3.14%, F1=17.33±7.23% [0.5s]
  [73/90] {'criterion': 'entropy', 'max_depth': 7, 'min_samples_split': 2, 'min_samples_leaf': 1, 'random_state': 42} → Acc=47.00±4.23%, F1=29.67±8.40% [0.7s]
  [74/90] {'criterion': 'entropy', 'max_depth': 7, 'min_samples_split': 2, 'min_samples_leaf': 2, 'random_state': 42} → Acc=47.00±4.23%, F1=29.67±8.40% [0.6s]
  [75/90] {'criterion': 'entropy', 'max_depth': 7, 'min_samples_split': 2, 'min_samples_leaf': 4, 'random_state': 42} → Acc=47.00±4.23%, F1=29.67±8.40% [0.6s]
  [76/90] {'criterion': 'entropy', 'max_depth': 7, 'min_samples_split': 5, 'min_samples_leaf': 1, 'random_state': 42} → Acc=47.00±4.23%, F1=29.67±8.40% [0.6s]
  [77/90] {'criterion': 'entropy', 'max_depth': 7, 'min_samples_split': 5, 'min_samples_leaf': 2, 'random_state': 42} → Acc=47.00±4.23%, F1=29.67±8.40% [0.6s]
  [78/90] {'criterion': 'entropy', 'max_depth': 7, 'min_samples_split': 5, 'min_samples_leaf': 4, 'random_state': 42} → Acc=47.00±4.23%, F1=29.67±8.40% [0.6s]
  [79/90] {'criterion': 'entropy', 'max_depth': 7, 'min_samples_split': 10, 'min_samples_leaf': 1, 'random_state': 42} → Acc=45.00±4.01%, F1=24.67±8.54% [0.6s]
  [80/90] {'criterion': 'entropy', 'max_depth': 7, 'min_samples_split': 10, 'min_samples_leaf': 2, 'random_state': 42} → Acc=45.00±4.01%, F1=24.67±8.54% [0.6s]
  [81/90] {'criterion': 'entropy', 'max_depth': 7, 'min_samples_split': 10, 'min_samples_leaf': 4, 'random_state': 42} → Acc=45.00±4.01%, F1=24.67±8.54% [0.6s]
  [82/90] {'criterion': 'entropy', 'max_depth': 10, 'min_samples_split': 2, 'min_samples_leaf': 1, 'random_state': 42} → Acc=45.00±7.19%, F1=29.00±10.59% [0.8s]
  [83/90] {'criterion': 'entropy', 'max_depth': 10, 'min_samples_split': 2, 'min_samples_leaf': 2, 'random_state': 42} → Acc=46.25±7.97%, F1=26.71±11.27% [0.8s]
  [84/90] {'criterion': 'entropy', 'max_depth': 10, 'min_samples_split': 2, 'min_samples_leaf': 4, 'random_state': 42} → Acc=43.00±7.61%, F1=25.00±10.88% [0.8s]
  [85/90] {'criterion': 'entropy', 'max_depth': 10, 'min_samples_split': 5, 'min_samples_leaf': 1, 'random_state': 42} → Acc=47.00±7.31%, F1=34.00±10.24% [0.8s]
  [86/90] {'criterion': 'entropy', 'max_depth': 10, 'min_samples_split': 5, 'min_samples_leaf': 2, 'random_state': 42} → Acc=43.00±7.61%, F1=25.00±10.88% [0.8s]
  [87/90] {'criterion': 'entropy', 'max_depth': 10, 'min_samples_split': 5, 'min_samples_leaf': 4, 'random_state': 42} → Acc=43.00±7.61%, F1=25.00±10.88% [0.8s]
  [88/90] {'criterion': 'entropy', 'max_depth': 10, 'min_samples_split': 10, 'min_samples_leaf': 1, 'random_state': 42} → Acc=43.00±6.33%, F1=26.00±9.33% [0.8s]
  [89/90] {'criterion': 'entropy', 'max_depth': 10, 'min_samples_split': 10, 'min_samples_leaf': 2, 'random_state': 42} → Acc=43.00±6.33%, F1=26.00±9.33% [0.8s]
  [90/90] {'criterion': 'entropy', 'max_depth': 10, 'min_samples_split': 10, 'min_samples_leaf': 4, 'random_state': 42} → Acc=43.00±6.33%, F1=26.00±9.33% [0.8s]

  ★ Best DT: {'criterion': 'entropy', 'max_depth': None, 'min_samples_split': 2, 'min_samples_leaf': 1, 'random_state': 42} → F1=55.00%

============================================================
Tuning Random Forest ...
============================================================
  [1/72] {'n_estimators': 50, 'max_depth': None, 'min_samples_split': 2, 'min_samples_leaf': 1, 'max_features': 'sqrt', 'random_state': 42} → Acc=47.50±5.01%, F1=24.67±8.54% [8.9s]
  [2/72] {'n_estimators': 50, 'max_depth': None, 'min_samples_split': 2, 'min_samples_leaf': 1, 'max_features': 'log2', 'random_state': 42} → Acc=47.50±5.01%, F1=24.67±8.54% [8.7s]
  [3/72] {'n_estimators': 50, 'max_depth': None, 'min_samples_split': 2, 'min_samples_leaf': 2, 'max_features': 'sqrt', 'random_state': 42} → Acc=49.50±6.60%, F1=36.33±8.42% [8.2s]
  [4/72] {'n_estimators': 50, 'max_depth': None, 'min_samples_split': 2, 'min_samples_leaf': 2, 'max_features': 'log2', 'random_state': 42} → Acc=49.50±6.60%, F1=36.33±8.42% [8.0s]
  [5/72] {'n_estimators': 50, 'max_depth': None, 'min_samples_split': 5, 'min_samples_leaf': 1, 'max_features': 'sqrt', 'random_state': 42} → Acc=44.25±5.08%, F1=19.71±8.15% [8.4s]
  [6/72] {'n_estimators': 50, 'max_depth': None, 'min_samples_split': 5, 'min_samples_leaf': 1, 'max_features': 'log2', 'random_state': 42} → Acc=44.25±5.08%, F1=19.71±8.15% [8.6s]
  [7/72] {'n_estimators': 50, 'max_depth': None, 'min_samples_split': 5, 'min_samples_leaf': 2, 'max_features': 'sqrt', 'random_state': 42} → Acc=49.50±6.60%, F1=32.33±9.15% [8.2s]
  [8/72] {'n_estimators': 50, 'max_depth': None, 'min_samples_split': 5, 'min_samples_leaf': 2, 'max_features': 'log2', 'random_state': 42} → Acc=49.50±6.60%, F1=32.33±9.15% [7.8s]
  [9/72] {'n_estimators': 50, 'max_depth': 10, 'min_samples_split': 2, 'min_samples_leaf': 1, 'max_features': 'sqrt', 'random_state': 42} → Acc=44.25±5.89%, F1=20.71±8.48% [5.9s]
  [10/72] {'n_estimators': 50, 'max_depth': 10, 'min_samples_split': 2, 'min_samples_leaf': 1, 'max_features': 'log2', 'random_state': 42} → Acc=44.25±5.89%, F1=20.71±8.48% [5.7s]
  [11/72] {'n_estimators': 50, 'max_depth': 10, 'min_samples_split': 2, 'min_samples_leaf': 2, 'max_features': 'sqrt', 'random_state': 42} → Acc=45.50±5.70%, F1=20.67±8.68% [5.8s]
  [12/72] {'n_estimators': 50, 'max_depth': 10, 'min_samples_split': 2, 'min_samples_leaf': 2, 'max_features': 'log2', 'random_state': 42} → Acc=45.50±5.70%, F1=20.67±8.68% [5.8s]
  [13/72] {'n_estimators': 50, 'max_depth': 10, 'min_samples_split': 5, 'min_samples_leaf': 1, 'max_features': 'sqrt', 'random_state': 42} → Acc=46.25±5.29%, F1=24.71±8.34% [6.5s]
  [14/72] {'n_estimators': 50, 'max_depth': 10, 'min_samples_split': 5, 'min_samples_leaf': 1, 'max_features': 'log2', 'random_state': 42} → Acc=46.25±5.29%, F1=24.71±8.34% [6.6s]
  [15/72] {'n_estimators': 50, 'max_depth': 10, 'min_samples_split': 5, 'min_samples_leaf': 2, 'max_features': 'sqrt', 'random_state': 42} → Acc=49.50±5.89%, F1=30.67±8.59% [6.1s]
  [16/72] {'n_estimators': 50, 'max_depth': 10, 'min_samples_split': 5, 'min_samples_leaf': 2, 'max_features': 'log2', 'random_state': 42} → Acc=49.50±5.89%, F1=30.67±8.59% [6.4s]
  [17/72] {'n_estimators': 50, 'max_depth': 20, 'min_samples_split': 2, 'min_samples_leaf': 1, 'max_features': 'sqrt', 'random_state': 42} → Acc=49.50±5.08%, F1=29.67±8.40% [8.1s]
  [18/72] {'n_estimators': 50, 'max_depth': 20, 'min_samples_split': 2, 'min_samples_leaf': 1, 'max_features': 'log2', 'random_state': 42} → Acc=49.50±5.08%, F1=29.67±8.40% [7.8s]
  [19/72] {'n_estimators': 50, 'max_depth': 20, 'min_samples_split': 2, 'min_samples_leaf': 2, 'max_features': 'sqrt', 'random_state': 42} → Acc=49.50±5.08%, F1=33.67±7.75% [7.8s]
  [20/72] {'n_estimators': 50, 'max_depth': 20, 'min_samples_split': 2, 'min_samples_leaf': 2, 'max_features': 'log2', 'random_state': 42} → Acc=49.50±5.08%, F1=33.67±7.75% [7.5s]
  [21/72] {'n_estimators': 50, 'max_depth': 20, 'min_samples_split': 5, 'min_samples_leaf': 1, 'max_features': 'sqrt', 'random_state': 42} → Acc=50.25±5.43%, F1=35.38±8.09% [7.3s]
  [22/72] {'n_estimators': 50, 'max_depth': 20, 'min_samples_split': 5, 'min_samples_leaf': 1, 'max_features': 'log2', 'random_state': 42} → Acc=50.25±5.43%, F1=35.38±8.09% [7.9s]
  [23/72] {'n_estimators': 50, 'max_depth': 20, 'min_samples_split': 5, 'min_samples_leaf': 2, 'max_features': 'sqrt', 'random_state': 42} → Acc=45.50±7.09%, F1=26.67±9.36% [8.2s]
  [24/72] {'n_estimators': 50, 'max_depth': 20, 'min_samples_split': 5, 'min_samples_leaf': 2, 'max_features': 'log2', 'random_state': 42} → Acc=45.50±7.09%, F1=26.67±9.36% [8.0s]
  [25/72] {'n_estimators': 100, 'max_depth': None, 'min_samples_split': 2, 'min_samples_leaf': 1, 'max_features': 'sqrt', 'random_state': 42} → Acc=53.50±5.78%, F1=41.33±7.46% [17.1s]
  [26/72] {'n_estimators': 100, 'max_depth': None, 'min_samples_split': 2, 'min_samples_leaf': 1, 'max_features': 'log2', 'random_state': 42} → Acc=53.50±5.78%, F1=41.33±7.46% [15.6s]
  [27/72] {'n_estimators': 100, 'max_depth': None, 'min_samples_split': 2, 'min_samples_leaf': 2, 'max_features': 'sqrt', 'random_state': 42} → Acc=47.50±5.83%, F1=25.67±8.79% [15.1s]
  [28/72] {'n_estimators': 100, 'max_depth': None, 'min_samples_split': 2, 'min_samples_leaf': 2, 'max_features': 'log2', 'random_state': 42} → Acc=47.50±5.83%, F1=25.67±8.79% [15.6s]
  [29/72] {'n_estimators': 100, 'max_depth': None, 'min_samples_split': 5, 'min_samples_leaf': 1, 'max_features': 'sqrt', 'random_state': 42} → Acc=42.25±4.78%, F1=18.71±7.79% [15.7s]
  [30/72] {'n_estimators': 100, 'max_depth': None, 'min_samples_split': 5, 'min_samples_leaf': 1, 'max_features': 'log2', 'random_state': 42} → Acc=42.25±4.78%, F1=18.71±7.79% [15.3s]
  [31/72] {'n_estimators': 100, 'max_depth': None, 'min_samples_split': 5, 'min_samples_leaf': 2, 'max_features': 'sqrt', 'random_state': 42} → Acc=51.50±6.58%, F1=37.33±8.53% [15.1s]
  [32/72] {'n_estimators': 100, 'max_depth': None, 'min_samples_split': 5, 'min_samples_leaf': 2, 'max_features': 'log2', 'random_state': 42} → Acc=51.50±6.58%, F1=37.33±8.53% [16.3s]
  [33/72] {'n_estimators': 100, 'max_depth': 10, 'min_samples_split': 2, 'min_samples_leaf': 1, 'max_features': 'sqrt', 'random_state': 42} → Acc=47.50±5.83%, F1=25.67±8.79% [13.1s]
  [34/72] {'n_estimators': 100, 'max_depth': 10, 'min_samples_split': 2, 'min_samples_leaf': 1, 'max_features': 'log2', 'random_state': 42} → Acc=47.50±5.83%, F1=25.67±8.79% [13.6s]
  [35/72] {'n_estimators': 100, 'max_depth': 10, 'min_samples_split': 2, 'min_samples_leaf': 2, 'max_features': 'sqrt', 'random_state': 42} → Acc=49.50±5.08%, F1=29.67±8.40% [12.9s]
  [36/72] {'n_estimators': 100, 'max_depth': 10, 'min_samples_split': 2, 'min_samples_leaf': 2, 'max_features': 'log2', 'random_state': 42} → Acc=49.50±5.08%, F1=29.67±8.40% [12.3s]
  [37/72] {'n_estimators': 100, 'max_depth': 10, 'min_samples_split': 5, 'min_samples_leaf': 1, 'max_features': 'sqrt', 'random_state': 42} → Acc=46.25±5.29%, F1=24.71±8.34% [11.8s]
  [38/72] {'n_estimators': 100, 'max_depth': 10, 'min_samples_split': 5, 'min_samples_leaf': 1, 'max_features': 'log2', 'random_state': 42} → Acc=46.25±5.29%, F1=24.71±8.34% [12.3s]
  [39/72] {'n_estimators': 100, 'max_depth': 10, 'min_samples_split': 5, 'min_samples_leaf': 2, 'max_features': 'sqrt', 'random_state': 42} → Acc=48.25±4.50%, F1=28.71±7.97% [12.2s]
  [40/72] {'n_estimators': 100, 'max_depth': 10, 'min_samples_split': 5, 'min_samples_leaf': 2, 'max_features': 'log2', 'random_state': 42} → Acc=48.25±4.50%, F1=28.71±7.97% [11.7s]
  [41/72] {'n_estimators': 100, 'max_depth': 20, 'min_samples_split': 2, 'min_samples_leaf': 1, 'max_features': 'sqrt', 'random_state': 42} → Acc=48.25±4.50%, F1=28.71±7.97% [16.0s]
  [42/72] {'n_estimators': 100, 'max_depth': 20, 'min_samples_split': 2, 'min_samples_leaf': 1, 'max_features': 'log2', 'random_state': 42} → Acc=48.25±4.50%, F1=28.71±7.97% [15.9s]
  [43/72] {'n_estimators': 100, 'max_depth': 20, 'min_samples_split': 2, 'min_samples_leaf': 2, 'max_features': 'sqrt', 'random_state': 42} → Acc=47.50±5.83%, F1=25.67±8.79% [15.3s]
  [44/72] {'n_estimators': 100, 'max_depth': 20, 'min_samples_split': 2, 'min_samples_leaf': 2, 'max_features': 'log2', 'random_state': 42} → Acc=47.50±5.83%, F1=25.67±8.79% [15.3s]
  [45/72] {'n_estimators': 100, 'max_depth': 20, 'min_samples_split': 5, 'min_samples_leaf': 1, 'max_features': 'sqrt', 'random_state': 42} → Acc=46.25±5.29%, F1=24.71±8.34% [15.5s]
  [46/72] {'n_estimators': 100, 'max_depth': 20, 'min_samples_split': 5, 'min_samples_leaf': 1, 'max_features': 'log2', 'random_state': 42} → Acc=46.25±5.29%, F1=24.71±8.34% [15.7s]
  [47/72] {'n_estimators': 100, 'max_depth': 20, 'min_samples_split': 5, 'min_samples_leaf': 2, 'max_features': 'sqrt', 'random_state': 42} → Acc=47.50±5.83%, F1=25.67±8.79% [15.5s]
  [48/72] {'n_estimators': 100, 'max_depth': 20, 'min_samples_split': 5, 'min_samples_leaf': 2, 'max_features': 'log2', 'random_state': 42} → Acc=47.50±5.83%, F1=25.67±8.79% [15.3s]
  [49/72] {'n_estimators': 200, 'max_depth': None, 'min_samples_split': 2, 'min_samples_leaf': 1, 'max_features': 'sqrt', 'random_state': 42} → Acc=50.25±5.43%, F1=35.38±8.09% [31.8s]
  [50/72] {'n_estimators': 200, 'max_depth': None, 'min_samples_split': 2, 'min_samples_leaf': 1, 'max_features': 'log2', 'random_state': 42} → Acc=50.25±5.43%, F1=35.38±8.09% [32.2s]
  [51/72] {'n_estimators': 200, 'max_depth': None, 'min_samples_split': 2, 'min_samples_leaf': 2, 'max_features': 'sqrt', 'random_state': 42} → Acc=47.50±5.83%, F1=25.67±8.79% [30.4s]
  [52/72] {'n_estimators': 200, 'max_depth': None, 'min_samples_split': 2, 'min_samples_leaf': 2, 'max_features': 'log2', 'random_state': 42} → Acc=47.50±5.83%, F1=25.67±8.79% [30.9s]
  [53/72] {'n_estimators': 200, 'max_depth': None, 'min_samples_split': 5, 'min_samples_leaf': 1, 'max_features': 'sqrt', 'random_state': 42} → Acc=48.25±4.50%, F1=28.71±7.97% [31.9s]
  [54/72] {'n_estimators': 200, 'max_depth': None, 'min_samples_split': 5, 'min_samples_leaf': 1, 'max_features': 'log2', 'random_state': 42} → Acc=48.25±4.50%, F1=28.71±7.97% [31.0s]
  [55/72] {'n_estimators': 200, 'max_depth': None, 'min_samples_split': 5, 'min_samples_leaf': 2, 'max_features': 'sqrt', 'random_state': 42} → Acc=49.50±6.60%, F1=32.33±9.15% [30.9s]
  [56/72] {'n_estimators': 200, 'max_depth': None, 'min_samples_split': 5, 'min_samples_leaf': 2, 'max_features': 'log2', 'random_state': 42} → Acc=49.50±6.60%, F1=32.33±9.15% [30.5s]
  [57/72] {'n_estimators': 200, 'max_depth': 10, 'min_samples_split': 2, 'min_samples_leaf': 1, 'max_features': 'sqrt', 'random_state': 42} → Acc=47.50±5.83%, F1=25.67±8.79% [23.9s]
  [58/72] {'n_estimators': 200, 'max_depth': 10, 'min_samples_split': 2, 'min_samples_leaf': 1, 'max_features': 'log2', 'random_state': 42} → Acc=47.50±5.83%, F1=25.67±8.79% [24.0s]
  [59/72] {'n_estimators': 200, 'max_depth': 10, 'min_samples_split': 2, 'min_samples_leaf': 2, 'max_features': 'sqrt', 'random_state': 42} → Acc=47.50±5.83%, F1=25.67±8.79% [24.4s]
  [60/72] {'n_estimators': 200, 'max_depth': 10, 'min_samples_split': 2, 'min_samples_leaf': 2, 'max_features': 'log2', 'random_state': 42} → Acc=47.50±5.83%, F1=25.67±8.79% [23.9s]
  [61/72] {'n_estimators': 200, 'max_depth': 10, 'min_samples_split': 5, 'min_samples_leaf': 1, 'max_features': 'sqrt', 'random_state': 42} → Acc=46.25±5.29%, F1=24.71±8.34% [23.9s]
  [62/72] {'n_estimators': 200, 'max_depth': 10, 'min_samples_split': 5, 'min_samples_leaf': 1, 'max_features': 'log2', 'random_state': 42} → Acc=46.25±5.29%, F1=24.71±8.34% [25.0s]
  [63/72] {'n_estimators': 200, 'max_depth': 10, 'min_samples_split': 5, 'min_samples_leaf': 2, 'max_features': 'sqrt', 'random_state': 42} → Acc=48.25±4.50%, F1=28.71±7.97% [24.3s]
  [64/72] {'n_estimators': 200, 'max_depth': 10, 'min_samples_split': 5, 'min_samples_leaf': 2, 'max_features': 'log2', 'random_state': 42} → Acc=48.25±4.50%, F1=28.71±7.97% [24.3s]
  [65/72] {'n_estimators': 200, 'max_depth': 20, 'min_samples_split': 2, 'min_samples_leaf': 1, 'max_features': 'sqrt', 'random_state': 42} → Acc=46.25±5.29%, F1=24.71±8.34% [31.5s]
  [66/72] {'n_estimators': 200, 'max_depth': 20, 'min_samples_split': 2, 'min_samples_leaf': 1, 'max_features': 'log2', 'random_state': 42} → Acc=46.25±5.29%, F1=24.71±8.34% [31.6s]
  [67/72] {'n_estimators': 200, 'max_depth': 20, 'min_samples_split': 2, 'min_samples_leaf': 2, 'max_features': 'sqrt', 'random_state': 42} → Acc=46.25±5.29%, F1=24.71±8.34% [30.5s]
  [68/72] {'n_estimators': 200, 'max_depth': 20, 'min_samples_split': 2, 'min_samples_leaf': 2, 'max_features': 'log2', 'random_state': 42} → Acc=46.25±5.29%, F1=24.71±8.34% [31.2s]
  [69/72] {'n_estimators': 200, 'max_depth': 20, 'min_samples_split': 5, 'min_samples_leaf': 1, 'max_features': 'sqrt', 'random_state': 42} → Acc=49.50±5.08%, F1=29.67±8.40% [31.2s]
  [70/72] {'n_estimators': 200, 'max_depth': 20, 'min_samples_split': 5, 'min_samples_leaf': 1, 'max_features': 'log2', 'random_state': 42} → Acc=49.50±5.08%, F1=29.67±8.40% [31.4s]
  [71/72] {'n_estimators': 200, 'max_depth': 20, 'min_samples_split': 5, 'min_samples_leaf': 2, 'max_features': 'sqrt', 'random_state': 42} → Acc=47.50±5.83%, F1=25.67±8.79% [30.5s]
  [72/72] {'n_estimators': 200, 'max_depth': 20, 'min_samples_split': 5, 'min_samples_leaf': 2, 'max_features': 'log2', 'random_state': 42} → Acc=47.50±5.83%, F1=25.67±8.79% [30.5s]

  ★ Best RF: {'n_estimators': 100, 'max_depth': None, 'min_samples_split': 2, 'min_samples_leaf': 1, 'max_features': 'sqrt', 'random_state': 42} → F1=41.33%

============================================================
Tuning XGBoost ...
============================================================
  [1/81] {'n_estimators': 50, 'max_depth': 3, 'learning_rate': 0.05, 'subsample': 1.0, 'colsample_bytree': 0.6, 'random_state': 42} → Acc=44.25±6.60%, F1=22.38±9.25% [4.2s]
  [2/81] {'n_estimators': 50, 'max_depth': 3, 'learning_rate': 0.05, 'subsample': 1.0, 'colsample_bytree': 0.8, 'random_state': 42} → Acc=40.25±5.28%, F1=14.71±7.60% [0.3s]
  [3/81] {'n_estimators': 50, 'max_depth': 3, 'learning_rate': 0.05, 'subsample': 1.0, 'colsample_bytree': 1.0, 'random_state': 42} → Acc=42.25±6.37%, F1=21.38±8.97% [0.3s]
  [4/81] {'n_estimators': 50, 'max_depth': 3, 'learning_rate': 0.1, 'subsample': 1.0, 'colsample_bytree': 0.6, 'random_state': 42} → Acc=42.25±5.63%, F1=19.71±8.15% [0.3s]
  [5/81] {'n_estimators': 50, 'max_depth': 3, 'learning_rate': 0.1, 'subsample': 1.0, 'colsample_bytree': 0.8, 'random_state': 42} → Acc=46.25±5.29%, F1=24.71±8.34% [0.3s]
  [6/81] {'n_estimators': 50, 'max_depth': 3, 'learning_rate': 0.1, 'subsample': 1.0, 'colsample_bytree': 1.0, 'random_state': 42} → Acc=46.25±5.29%, F1=28.71±7.97% [0.3s]
  [7/81] {'n_estimators': 50, 'max_depth': 3, 'learning_rate': 0.3, 'subsample': 1.0, 'colsample_bytree': 0.6, 'random_state': 42} → Acc=45.50±7.09%, F1=28.67±10.13% [0.8s]
  [8/81] {'n_estimators': 50, 'max_depth': 3, 'learning_rate': 0.3, 'subsample': 1.0, 'colsample_bytree': 0.8, 'random_state': 42} → Acc=46.25±5.29%, F1=32.05±7.31% [0.4s]
  [9/81] {'n_estimators': 50, 'max_depth': 3, 'learning_rate': 0.3, 'subsample': 1.0, 'colsample_bytree': 1.0, 'random_state': 42} → Acc=49.50±7.24%, F1=30.67±11.08% [0.3s]
  [10/81] {'n_estimators': 50, 'max_depth': 5, 'learning_rate': 0.05, 'subsample': 1.0, 'colsample_bytree': 0.6, 'random_state': 42} → Acc=45.50±6.43%, F1=21.67±8.98% [0.5s]
  [11/81] {'n_estimators': 50, 'max_depth': 5, 'learning_rate': 0.05, 'subsample': 1.0, 'colsample_bytree': 0.8, 'random_state': 42} → Acc=46.25±5.29%, F1=24.71±8.34% [0.5s]
  [12/81] {'n_estimators': 50, 'max_depth': 5, 'learning_rate': 0.05, 'subsample': 1.0, 'colsample_bytree': 1.0, 'random_state': 42} → Acc=46.25±5.29%, F1=24.71±8.34% [0.6s]
  [13/81] {'n_estimators': 50, 'max_depth': 5, 'learning_rate': 0.1, 'subsample': 1.0, 'colsample_bytree': 0.6, 'random_state': 42} → Acc=43.50±6.24%, F1=24.00±8.43% [0.5s]
  [14/81] {'n_estimators': 50, 'max_depth': 5, 'learning_rate': 0.1, 'subsample': 1.0, 'colsample_bytree': 0.8, 'random_state': 42} → Acc=47.50±5.83%, F1=25.67±8.79% [0.5s]
  [15/81] {'n_estimators': 50, 'max_depth': 5, 'learning_rate': 0.1, 'subsample': 1.0, 'colsample_bytree': 1.0, 'random_state': 42} → Acc=46.25±5.29%, F1=24.71±8.34% [0.5s]
  [16/81] {'n_estimators': 50, 'max_depth': 5, 'learning_rate': 0.3, 'subsample': 1.0, 'colsample_bytree': 0.6, 'random_state': 42} → Acc=50.25±5.43%, F1=38.05±6.67% [0.4s]
  [17/81] {'n_estimators': 50, 'max_depth': 5, 'learning_rate': 0.3, 'subsample': 1.0, 'colsample_bytree': 0.8, 'random_state': 42} → Acc=52.25±6.84%, F1=35.71±10.49% [0.5s]
  [18/81] {'n_estimators': 50, 'max_depth': 5, 'learning_rate': 0.3, 'subsample': 1.0, 'colsample_bytree': 1.0, 'random_state': 42} → Acc=50.25±5.43%, F1=35.71±8.63% [0.5s]
  [19/81] {'n_estimators': 50, 'max_depth': 7, 'learning_rate': 0.05, 'subsample': 1.0, 'colsample_bytree': 0.6, 'random_state': 42} → Acc=42.25±5.63%, F1=19.71±8.15% [1.4s]
  [20/81] {'n_estimators': 50, 'max_depth': 7, 'learning_rate': 0.05, 'subsample': 1.0, 'colsample_bytree': 0.8, 'random_state': 42} → Acc=47.50±5.83%, F1=25.67±8.79% [0.8s]
  [21/81] {'n_estimators': 50, 'max_depth': 7, 'learning_rate': 0.05, 'subsample': 1.0, 'colsample_bytree': 1.0, 'random_state': 42} → Acc=44.25±5.08%, F1=23.71±8.06% [1.3s]
  [22/81] {'n_estimators': 50, 'max_depth': 7, 'learning_rate': 0.1, 'subsample': 1.0, 'colsample_bytree': 0.6, 'random_state': 42} → Acc=46.25±5.29%, F1=28.71±7.97% [0.7s]
  [23/81] {'n_estimators': 50, 'max_depth': 7, 'learning_rate': 0.1, 'subsample': 1.0, 'colsample_bytree': 0.8, 'random_state': 42} → Acc=46.25±5.29%, F1=28.71±7.97% [0.8s]
  [24/81] {'n_estimators': 50, 'max_depth': 7, 'learning_rate': 0.1, 'subsample': 1.0, 'colsample_bytree': 1.0, 'random_state': 42} → Acc=48.25±6.85%, F1=33.38±9.81% [0.9s]
  [25/81] {'n_estimators': 50, 'max_depth': 7, 'learning_rate': 0.3, 'subsample': 1.0, 'colsample_bytree': 0.6, 'random_state': 42} → Acc=50.25±6.20%, F1=40.38±7.15% [0.7s]
  [26/81] {'n_estimators': 50, 'max_depth': 7, 'learning_rate': 0.3, 'subsample': 1.0, 'colsample_bytree': 0.8, 'random_state': 42} → Acc=48.25±6.17%, F1=31.71±9.31% [1.4s]
  [27/81] {'n_estimators': 50, 'max_depth': 7, 'learning_rate': 0.3, 'subsample': 1.0, 'colsample_bytree': 1.0, 'random_state': 42} → Acc=54.25±6.73%, F1=44.38±8.17% [0.9s]
  [28/81] {'n_estimators': 100, 'max_depth': 3, 'learning_rate': 0.05, 'subsample': 1.0, 'colsample_bytree': 0.6, 'random_state': 42} → Acc=44.25±5.89%, F1=20.71±8.48% [1.1s]
  [29/81] {'n_estimators': 100, 'max_depth': 3, 'learning_rate': 0.05, 'subsample': 1.0, 'colsample_bytree': 0.8, 'random_state': 42} → Acc=44.25±5.89%, F1=24.71±8.34% [0.4s]
  [30/81] {'n_estimators': 100, 'max_depth': 3, 'learning_rate': 0.05, 'subsample': 1.0, 'colsample_bytree': 1.0, 'random_state': 42} → Acc=46.25±6.76%, F1=31.38±8.80% [0.5s]
  [31/81] {'n_estimators': 100, 'max_depth': 3, 'learning_rate': 0.1, 'subsample': 1.0, 'colsample_bytree': 0.6, 'random_state': 42} → Acc=43.50±8.10%, F1=23.67±10.19% [0.8s]
  [32/81] {'n_estimators': 100, 'max_depth': 3, 'learning_rate': 0.1, 'subsample': 1.0, 'colsample_bytree': 0.8, 'random_state': 42} → Acc=47.50±6.55%, F1=27.67±9.94% [1.2s]
  [33/81] {'n_estimators': 100, 'max_depth': 3, 'learning_rate': 0.1, 'subsample': 1.0, 'colsample_bytree': 1.0, 'random_state': 42} → Acc=46.25±5.29%, F1=28.71±7.97% [0.8s]
  [34/81] {'n_estimators': 100, 'max_depth': 3, 'learning_rate': 0.3, 'subsample': 1.0, 'colsample_bytree': 0.6, 'random_state': 42} → Acc=47.50±7.20%, F1=33.67±9.78% [0.5s]
  [35/81] {'n_estimators': 100, 'max_depth': 3, 'learning_rate': 0.3, 'subsample': 1.0, 'colsample_bytree': 0.8, 'random_state': 42} → Acc=49.50±7.24%, F1=34.33±10.11% [0.7s]
  [36/81] {'n_estimators': 100, 'max_depth': 3, 'learning_rate': 0.3, 'subsample': 1.0, 'colsample_bytree': 1.0, 'random_state': 42} → Acc=45.50±6.43%, F1=25.67±8.79% [0.5s]
  [37/81] {'n_estimators': 100, 'max_depth': 5, 'learning_rate': 0.05, 'subsample': 1.0, 'colsample_bytree': 0.6, 'random_state': 42} → Acc=46.25±5.29%, F1=24.71±8.34% [1.6s]
  [38/81] {'n_estimators': 100, 'max_depth': 5, 'learning_rate': 0.05, 'subsample': 1.0, 'colsample_bytree': 0.8, 'random_state': 42} → Acc=45.50±5.70%, F1=24.67±8.54% [1.0s]
  [39/81] {'n_estimators': 100, 'max_depth': 5, 'learning_rate': 0.05, 'subsample': 1.0, 'colsample_bytree': 1.0, 'random_state': 42} → Acc=46.25±4.37%, F1=27.71±7.73% [1.0s]
  [40/81] {'n_estimators': 100, 'max_depth': 5, 'learning_rate': 0.1, 'subsample': 1.0, 'colsample_bytree': 0.6, 'random_state': 42} → Acc=43.50±6.24%, F1=24.00±8.43% [0.9s]
  [41/81] {'n_estimators': 100, 'max_depth': 5, 'learning_rate': 0.1, 'subsample': 1.0, 'colsample_bytree': 0.8, 'random_state': 42} → Acc=42.25±4.78%, F1=23.71±8.06% [1.7s]
  [42/81] {'n_estimators': 100, 'max_depth': 5, 'learning_rate': 0.1, 'subsample': 1.0, 'colsample_bytree': 1.0, 'random_state': 42} → Acc=50.25±5.43%, F1=35.71±8.63% [0.9s]
  [43/81] {'n_estimators': 100, 'max_depth': 5, 'learning_rate': 0.3, 'subsample': 1.0, 'colsample_bytree': 0.6, 'random_state': 42} → Acc=46.25±5.29%, F1=32.05±7.31% [4.5s]
  [44/81] {'n_estimators': 100, 'max_depth': 5, 'learning_rate': 0.3, 'subsample': 1.0, 'colsample_bytree': 0.8, 'random_state': 42} → Acc=48.25±5.40%, F1=29.71±8.19% [0.8s]
  [45/81] {'n_estimators': 100, 'max_depth': 5, 'learning_rate': 0.3, 'subsample': 1.0, 'colsample_bytree': 1.0, 'random_state': 42} → Acc=52.25±6.84%, F1=39.38±9.25% [0.9s]
  [46/81] {'n_estimators': 100, 'max_depth': 7, 'learning_rate': 0.05, 'subsample': 1.0, 'colsample_bytree': 0.6, 'random_state': 42} → Acc=44.25±5.08%, F1=23.71±8.06% [4.1s]
  [47/81] {'n_estimators': 100, 'max_depth': 7, 'learning_rate': 0.05, 'subsample': 1.0, 'colsample_bytree': 0.8, 'random_state': 42} → Acc=50.25±5.43%, F1=34.71±7.68% [2.3s]
  [48/81] {'n_estimators': 100, 'max_depth': 7, 'learning_rate': 0.05, 'subsample': 1.0, 'colsample_bytree': 1.0, 'random_state': 42} → Acc=50.25±5.43%, F1=35.71±8.63% [3.7s]
  [49/81] {'n_estimators': 100, 'max_depth': 7, 'learning_rate': 0.1, 'subsample': 1.0, 'colsample_bytree': 0.6, 'random_state': 42} → Acc=46.25±5.29%, F1=28.71±7.97% [1.8s]
  [50/81] {'n_estimators': 100, 'max_depth': 7, 'learning_rate': 0.1, 'subsample': 1.0, 'colsample_bytree': 0.8, 'random_state': 42} → Acc=48.25±6.17%, F1=31.71±9.31% [1.4s]
  [51/81] {'n_estimators': 100, 'max_depth': 7, 'learning_rate': 0.1, 'subsample': 1.0, 'colsample_bytree': 1.0, 'random_state': 42} → Acc=48.25±6.17%, F1=31.71±9.31% [1.9s]
  [52/81] {'n_estimators': 100, 'max_depth': 7, 'learning_rate': 0.3, 'subsample': 1.0, 'colsample_bytree': 0.6, 'random_state': 42} → Acc=54.25±5.24%, F1=41.38±7.22% [2.6s]
  [53/81] {'n_estimators': 100, 'max_depth': 7, 'learning_rate': 0.3, 'subsample': 1.0, 'colsample_bytree': 0.8, 'random_state': 42} → Acc=50.25±6.20%, F1=32.71±9.47% [2.7s]
  [54/81] {'n_estimators': 100, 'max_depth': 7, 'learning_rate': 0.3, 'subsample': 1.0, 'colsample_bytree': 1.0, 'random_state': 42} → Acc=48.25±6.85%, F1=34.71±7.68% [1.8s]
  [55/81] {'n_estimators': 200, 'max_depth': 3, 'learning_rate': 0.05, 'subsample': 1.0, 'colsample_bytree': 0.6, 'random_state': 42} → Acc=43.50±8.10%, F1=27.33±9.44% [1.0s]
  [56/81] {'n_estimators': 200, 'max_depth': 3, 'learning_rate': 0.05, 'subsample': 1.0, 'colsample_bytree': 0.8, 'random_state': 42} → Acc=45.50±6.43%, F1=25.67±8.79% [4.4s]
  [57/81] {'n_estimators': 200, 'max_depth': 3, 'learning_rate': 0.05, 'subsample': 1.0, 'colsample_bytree': 1.0, 'random_state': 42} → Acc=45.50±5.70%, F1=24.67±8.54% [1.6s]
  [58/81] {'n_estimators': 200, 'max_depth': 3, 'learning_rate': 0.1, 'subsample': 1.0, 'colsample_bytree': 0.6, 'random_state': 42} → Acc=42.25±7.64%, F1=22.71±9.78% [0.9s]
  [59/81] {'n_estimators': 200, 'max_depth': 3, 'learning_rate': 0.1, 'subsample': 1.0, 'colsample_bytree': 0.8, 'random_state': 42} → Acc=46.25±6.76%, F1=31.05±9.27% [1.7s]
  [60/81] {'n_estimators': 200, 'max_depth': 3, 'learning_rate': 0.1, 'subsample': 1.0, 'colsample_bytree': 1.0, 'random_state': 42} → Acc=49.50±6.60%, F1=32.67±9.65% [1.0s]
  [61/81] {'n_estimators': 200, 'max_depth': 3, 'learning_rate': 0.3, 'subsample': 1.0, 'colsample_bytree': 0.6, 'random_state': 42} → Acc=49.50±7.24%, F1=33.67±9.78% [1.9s]
  [62/81] {'n_estimators': 200, 'max_depth': 3, 'learning_rate': 0.3, 'subsample': 1.0, 'colsample_bytree': 0.8, 'random_state': 42} → Acc=48.25±6.17%, F1=31.71±9.31% [0.9s]
  [63/81] {'n_estimators': 200, 'max_depth': 3, 'learning_rate': 0.3, 'subsample': 1.0, 'colsample_bytree': 1.0, 'random_state': 42} → Acc=47.50±6.55%, F1=30.67±8.59% [4.2s]
  [64/81] {'n_estimators': 200, 'max_depth': 5, 'learning_rate': 0.05, 'subsample': 1.0, 'colsample_bytree': 0.6, 'random_state': 42} → Acc=44.25±5.08%, F1=23.71±8.06% [5.4s]
  [65/81] {'n_estimators': 200, 'max_depth': 5, 'learning_rate': 0.05, 'subsample': 1.0, 'colsample_bytree': 0.8, 'random_state': 42} → Acc=45.50±5.70%, F1=28.00±8.11% [8.4s]
  [66/81] {'n_estimators': 200, 'max_depth': 5, 'learning_rate': 0.05, 'subsample': 1.0, 'colsample_bytree': 1.0, 'random_state': 42} → Acc=47.50±5.01%, F1=28.67±8.18% [6.2s]
  [67/81] {'n_estimators': 200, 'max_depth': 5, 'learning_rate': 0.1, 'subsample': 1.0, 'colsample_bytree': 0.6, 'random_state': 42} → Acc=45.50±7.09%, F1=27.00±9.87% [2.0s]
  [68/81] {'n_estimators': 200, 'max_depth': 5, 'learning_rate': 0.1, 'subsample': 1.0, 'colsample_bytree': 0.8, 'random_state': 42} → Acc=48.25±5.40%, F1=33.71±7.53% [2.6s]
  [69/81] {'n_estimators': 200, 'max_depth': 5, 'learning_rate': 0.1, 'subsample': 1.0, 'colsample_bytree': 1.0, 'random_state': 42} → Acc=52.25±5.38%, F1=40.71±7.74% [3.9s]
  [70/81] {'n_estimators': 200, 'max_depth': 5, 'learning_rate': 0.3, 'subsample': 1.0, 'colsample_bytree': 0.6, 'random_state': 42} → Acc=50.25±5.43%, F1=34.71±7.68% [2.3s]
  [71/81] {'n_estimators': 200, 'max_depth': 5, 'learning_rate': 0.3, 'subsample': 1.0, 'colsample_bytree': 0.8, 'random_state': 42} → Acc=50.25±6.20%, F1=32.71±9.47% [1.7s]
  [72/81] {'n_estimators': 200, 'max_depth': 5, 'learning_rate': 0.3, 'subsample': 1.0, 'colsample_bytree': 1.0, 'random_state': 42} → Acc=50.25±6.20%, F1=32.71±9.47% [9.1s]
  [73/81] {'n_estimators': 200, 'max_depth': 7, 'learning_rate': 0.05, 'subsample': 1.0, 'colsample_bytree': 0.6, 'random_state': 42} → Acc=49.50±5.89%, F1=34.67±7.91% [4.0s]
  [74/81] {'n_estimators': 200, 'max_depth': 7, 'learning_rate': 0.05, 'subsample': 1.0, 'colsample_bytree': 0.8, 'random_state': 42} → Acc=48.25±5.40%, F1=33.71±7.53% [5.6s]
  [75/81] {'n_estimators': 200, 'max_depth': 7, 'learning_rate': 0.05, 'subsample': 1.0, 'colsample_bytree': 1.0, 'random_state': 42} → Acc=50.25±5.43%, F1=35.71±8.63% [6.0s]
  [76/81] {'n_estimators': 200, 'max_depth': 7, 'learning_rate': 0.1, 'subsample': 1.0, 'colsample_bytree': 0.6, 'random_state': 42} → Acc=46.25±5.29%, F1=28.71±7.97% [4.4s]
  [77/81] {'n_estimators': 200, 'max_depth': 7, 'learning_rate': 0.1, 'subsample': 1.0, 'colsample_bytree': 0.8, 'random_state': 42} → Acc=48.25±6.17%, F1=31.71±9.31% [6.2s]
  [78/81] {'n_estimators': 200, 'max_depth': 7, 'learning_rate': 0.1, 'subsample': 1.0, 'colsample_bytree': 1.0, 'random_state': 42} → Acc=54.25±7.36%, F1=46.38±8.94% [13.8s]
  [79/81] {'n_estimators': 200, 'max_depth': 7, 'learning_rate': 0.3, 'subsample': 1.0, 'colsample_bytree': 0.6, 'random_state': 42} → Acc=54.25±5.24%, F1=41.38±7.22% [2.3s]
  [80/81] {'n_estimators': 200, 'max_depth': 7, 'learning_rate': 0.3, 'subsample': 1.0, 'colsample_bytree': 0.8, 'random_state': 42} → Acc=48.25±5.40%, F1=29.71±8.19% [8.1s]
  [81/81] {'n_estimators': 200, 'max_depth': 7, 'learning_rate': 0.3, 'subsample': 1.0, 'colsample_bytree': 1.0, 'random_state': 42} → Acc=50.25±7.49%, F1=37.71±8.85% [4.5s]

  ★ Best XGBoost: {'n_estimators': 200, 'max_depth': 7, 'learning_rate': 0.1, 'subsample': 1.0, 'colsample_bytree': 1.0, 'random_state': 42} → F1=46.38%

============================================================
FINAL BEST PARAMETERS
============================================================

SVM:
  kernel = rbf
  C = 0.1
  gamma = 0.1
  class_weight = balanced
  random_state = 42
  → F1 = 48.38%

KNN:
  n_neighbors = 3
  weights = uniform
  p = 1
  → F1 = 36.38%

DT:
  criterion = entropy
  max_depth = None
  min_samples_split = 2
  min_samples_leaf = 1
  random_state = 42
  → F1 = 55.00%

RF:
  n_estimators = 100
  max_depth = None
  min_samples_split = 2
  min_samples_leaf = 1
  max_features = sqrt
  random_state = 42
  → F1 = 41.33%

XGBoost:
  n_estimators = 200
  max_depth = 7
  learning_rate = 0.1
  subsample = 1.0
  colsample_bytree = 1.0
  random_state = 42
  → F1 = 46.38%

Best params saved to tune_best_params.json
